Component: ARM Compiler 5.06 update 1 (build 61) Tool: armlink [4d35a8]

==============================================================================

Section Cross References

    main.o(i.fputc) refers to gd32f10x_usart.o(i.usart_data_transmit) for usart_data_transmit
    main.o(i.fputc) refers to gd32f10x_usart.o(i.usart_flag_get) for usart_flag_get
    main.o(i.main) refers to gd32f10x_misc.o(i.nvic_priority_group_set) for nvic_priority_group_set
    main.o(i.main) refers to hal_gpio_ctrl.o(i.hal_gpio_init) for hal_gpio_init
    main.o(i.main) refers to hal_timer_ctrl.o(i.hal_timer_init) for hal_timer_init
    main.o(i.main) refers to hal_uart_ctrl.o(i.hal_usuart_init) for hal_usuart_init
    main.o(i.main) refers to hal_rs485_ctrl.o(i.hal_rs485_init) for hal_rs485_init
    main.o(i.main) refers to hal_pwm_ctrl.o(i.hal_pwm_init) for hal_pwm_init
    main.o(i.main) refers to hal_timer_ctrl.o(i.rtos_timer_start) for rtos_timer_start
    main.o(i.main) refers to tasks.o(i.xTaskGenericCreate) for xTaskGenericCreate
    main.o(i.main) refers to tasks.o(i.vTaskStartScheduler) for vTaskStartScheduler
    main.o(i.main) refers to hal_it_ctrl.o(i.vTimerCallback) for vTimerCallback
    main.o(i.main) refers to main.o(.data) for xHandleTaskLED1
    main.o(i.main) refers to main.o(i.vTaskLED1) for vTaskLED1
    main.o(i.main) refers to main.o(i.vTaskLED2) for vTaskLED2
    main.o(i.vTaskFunction) refers to port.o(i.vPortEnterCritical) for vPortEnterCritical
    main.o(i.vTaskFunction) refers to printf2.o(i.__0printf$2) for __2printf
    main.o(i.vTaskFunction) refers to port.o(i.vPortExitCritical) for vPortExitCritical
    main.o(i.vTaskFunction) refers to tasks.o(i.vTaskDelay) for vTaskDelay
    main.o(i.vTaskLED1) refers to hal_uart_ctrl.o(i.usuart_send) for usuart_send
    main.o(i.vTaskLED1) refers to tasks.o(i.vTaskDelay) for vTaskDelay
    main.o(i.vTaskLED1) refers to main.o(.data) for debugData
    main.o(i.vTaskLED2) refers to gd32f107c_eval.o(i.gd_eval_led_toggle) for gd_eval_led_toggle
    main.o(i.vTaskLED2) refers to tasks.o(i.vTaskDelay) for vTaskDelay
    main.o(.data) refers to main.o(.conststring) for .conststring
    gd32f10x_hal.o(i.HAL_Delay) refers to gd32f10x_hal.o(i.HAL_GetTick) for HAL_GetTick
    gd32f10x_hal.o(i.HAL_GetTick) refers to gd32f10x_hal.o(.data) for wtick
    gd32f10x_hal.o(i.HAL_IncTick) refers to gd32f10x_hal.o(.data) for wtick
    system_gd32f10x.o(i.SystemCoreClockUpdate) refers to system_gd32f10x.o(.data) for SystemCoreClock
    system_gd32f10x.o(i.SystemInit) refers to system_gd32f10x.o(i.system_clock_config) for system_clock_config
    system_gd32f10x.o(i.system_clock_config) refers to system_gd32f10x.o(i.system_clock_108m_hxtal) for system_clock_108m_hxtal
    gd32f10x_adc.o(i.adc_deinit) refers to gd32f10x_rcu.o(i.rcu_periph_reset_enable) for rcu_periph_reset_enable
    gd32f10x_adc.o(i.adc_deinit) refers to gd32f10x_rcu.o(i.rcu_periph_reset_disable) for rcu_periph_reset_disable
    gd32f10x_bkp.o(i.bkp_deinit) refers to gd32f10x_rcu.o(i.rcu_bkp_reset_enable) for rcu_bkp_reset_enable
    gd32f10x_bkp.o(i.bkp_deinit) refers to gd32f10x_rcu.o(i.rcu_bkp_reset_disable) for rcu_bkp_reset_disable
    gd32f10x_can.o(i.can_debug_freeze_disable) refers to gd32f10x_dbg.o(i.dbg_periph_enable) for dbg_periph_enable
    gd32f10x_can.o(i.can_debug_freeze_enable) refers to gd32f10x_dbg.o(i.dbg_periph_enable) for dbg_periph_enable
    gd32f10x_can.o(i.can_deinit) refers to gd32f10x_rcu.o(i.rcu_periph_reset_enable) for rcu_periph_reset_enable
    gd32f10x_can.o(i.can_deinit) refers to gd32f10x_rcu.o(i.rcu_periph_reset_disable) for rcu_periph_reset_disable
    gd32f10x_dac.o(i.dac_deinit) refers to gd32f10x_rcu.o(i.rcu_periph_reset_enable) for rcu_periph_reset_enable
    gd32f10x_dac.o(i.dac_deinit) refers to gd32f10x_rcu.o(i.rcu_periph_reset_disable) for rcu_periph_reset_disable
    gd32f10x_dma.o(i.dma_channel_disable) refers to gd32f10x_dma.o(i.dma_periph_and_channel_check) for dma_periph_and_channel_check
    gd32f10x_dma.o(i.dma_channel_enable) refers to gd32f10x_dma.o(i.dma_periph_and_channel_check) for dma_periph_and_channel_check
    gd32f10x_dma.o(i.dma_circulation_disable) refers to gd32f10x_dma.o(i.dma_periph_and_channel_check) for dma_periph_and_channel_check
    gd32f10x_dma.o(i.dma_circulation_enable) refers to gd32f10x_dma.o(i.dma_periph_and_channel_check) for dma_periph_and_channel_check
    gd32f10x_dma.o(i.dma_deinit) refers to gd32f10x_dma.o(i.dma_periph_and_channel_check) for dma_periph_and_channel_check
    gd32f10x_dma.o(i.dma_init) refers to gd32f10x_dma.o(i.dma_periph_and_channel_check) for dma_periph_and_channel_check
    gd32f10x_dma.o(i.dma_interrupt_disable) refers to gd32f10x_dma.o(i.dma_periph_and_channel_check) for dma_periph_and_channel_check
    gd32f10x_dma.o(i.dma_interrupt_enable) refers to gd32f10x_dma.o(i.dma_periph_and_channel_check) for dma_periph_and_channel_check
[...]
    ..\Library\Firmware\CMSIS\GD\GD32F10x\Source\ARM\startup_gd32f10x_hd.s 0x00000000   Number         0  startup_gd32f10x_hd.o ABSOLUTE
    ..\Library\Firmware\CMSIS\GD\GD32F10x\Source\system_gd32f10x.c 0x00000000   Number         0  system_gd32f10x.o ABSOLUTE
    ..\Library\Firmware\GD32F10x_standard_peripheral\Source\gd32f10x_adc.c 0x00000000   Number         0  gd32f10x_adc.o ABSOLUTE
    ..\Library\Firmware\GD32F10x_standard_peripheral\Source\gd32f10x_bkp.c 0x00000000   Number         0  gd32f10x_bkp.o ABSOLUTE
    ..\Library\Firmware\GD32F10x_standard_peripheral\Source\gd32f10x_can.c 0x00000000   Number         0  gd32f10x_can.o ABSOLUTE
    ..\Library\Firmware\GD32F10x_standard_peripheral\Source\gd32f10x_crc.c 0x00000000   Number         0  gd32f10x_crc.o ABSOLUTE
    ..\Library\Firmware\GD32F10x_standard_peripheral\Source\gd32f10x_dac.c 0x00000000   Number         0  gd32f10x_dac.o ABSOLUTE
    ..\Library\Firmware\GD32F10x_standard_peripheral\Source\gd32f10x_dbg.c 0x00000000   Number         0  gd32f10x_dbg.o ABSOLUTE
    ..\Library\Firmware\GD32F10x_standard_peripheral\Source\gd32f10x_dma.c 0x00000000   Number         0  gd32f10x_dma.o ABSOLUTE
    ..\Library\Firmware\GD32F10x_standard_peripheral\Source\gd32f10x_enet.c 0x00000000   Number         0  gd32f10x_enet.o ABSOLUTE
    ..\Library\Firmware\GD32F10x_standard_peripheral\Source\gd32f10x_exmc.c 0x00000000   Number         0  gd32f10x_exmc.o ABSOLUTE
    ..\Library\Firmware\GD32F10x_standard_peripheral\Source\gd32f10x_exti.c 0x00000000   Number         0  gd32f10x_exti.o ABSOLUTE
    ..\Library\Firmware\GD32F10x_standard_peripheral\Source\gd32f10x_fmc.c 0x00000000   Number         0  gd32f10x_fmc.o ABSOLUTE
    ..\Library\Firmware\GD32F10x_standard_peripheral\Source\gd32f10x_fwdgt.c 0x00000000   Number         0  gd32f10x_fwdgt.o ABSOLUTE
    ..\Library\Firmware\GD32F10x_standard_peripheral\Source\gd32f10x_gpio.c 0x00000000   Number         0  gd32f10x_gpio.o ABSOLUTE
    ..\Library\Firmware\GD32F10x_standard_peripheral\Source\gd32f10x_i2c.c 0x00000000   Number         0  gd32f10x_i2c.o ABSOLUTE
    ..\Library\Firmware\GD32F10x_standard_peripheral\Source\gd32f10x_misc.c 0x00000000   Number         0  gd32f10x_misc.o ABSOLUTE
    ..\Library\Firmware\GD32F10x_standard_peripheral\Source\gd32f10x_pmu.c 0x00000000   Number         0  gd32f10x_pmu.o ABSOLUTE
    ..\Library\Firmware\GD32F10x_standard_peripheral\Source\gd32f10x_rcu.c 0x00000000   Number         0  gd32f10x_rcu.o ABSOLUTE
    ..\Library\Firmware\GD32F10x_standard_peripheral\Source\gd32f10x_rtc.c 0x00000000   Number         0  gd32f10x_rtc.o ABSOLUTE
    ..\Library\Firmware\GD32F10x_standard_peripheral\Source\gd32f10x_sdio.c 0x00000000   Number         0  gd32f10x_sdio.o ABSOLUTE
    ..\Library\Firmware\GD32F10x_standard_peripheral\Source\gd32f10x_spi.c 0x00000000   Number         0  gd32f10x_spi.o ABSOLUTE
    ..\Library\Firmware\GD32F10x_standard_peripheral\Source\gd32f10x_timer.c 0x00000000   Number         0  gd32f10x_timer.o ABSOLUTE
    ..\Library\Firmware\GD32F10x_standard_peripheral\Source\gd32f10x_usart.c 0x00000000   Number         0  gd32f10x_usart.o ABSOLUTE
    ..\Library\Firmware\GD32F10x_standard_peripheral\Source\gd32f10x_wwdgt.c 0x00000000   Number         0  gd32f10x_wwdgt.o ABSOLUTE
    ..\Library\Utilities\gd32f107c_eval.c    0x00000000   Number         0  gd32f107c_eval.o ABSOLUTE
    ..\Third_party\FreeRTOS-8.2.3\croutine.c 0x00000000   Number         0  croutine.o ABSOLUTE
    ..\Third_party\FreeRTOS-8.2.3\event_groups.c 0x00000000   Number         0  event_groups.o ABSOLUTE
    ..\Third_party\FreeRTOS-8.2.3\list.c     0x00000000   Number         0  list.o ABSOLUTE
    ..\Third_party\FreeRTOS-8.2.3\portable\MemMang\heap_2.c 0x00000000   Number         0  heap_2.o ABSOLUTE
    ..\Third_party\FreeRTOS-8.2.3\portable\RVDS\ARM_CM3\port.c 0x00000000   Number         0  port.o ABSOLUTE
    ..\Third_party\FreeRTOS-8.2.3\queue.c    0x00000000   Number         0  queue.o ABSOLUTE
    ..\Third_party\FreeRTOS-8.2.3\tasks.c    0x00000000   Number         0  tasks.o ABSOLUTE
    ..\Third_party\FreeRTOS-8.2.3\timers.c   0x00000000   Number         0  timers.o ABSOLUTE
    ..\\Library\\Firmware\\CMSIS\\GD\\GD32F10x\\Source\\system_gd32f10x.c 0x00000000   Number         0  system_gd32f10x.o ABSOLUTE
    ..\\Library\\Firmware\\GD32F10x_standard_peripheral\\Source\\gd32f10x_adc.c 0x00000000   Number         0  gd32f10x_adc.o ABSOLUTE
    ..\\Library\\Firmware\\GD32F10x_standard_peripheral\\Source\\gd32f10x_bkp.c 0x00000000   Number         0  gd32f10x_bkp.o ABSOLUTE
    ..\\Library\\Firmware\\GD32F10x_standard_peripheral\\Source\\gd32f10x_can.c 0x00000000   Number         0  gd32f10x_can.o ABSOLUTE
    ..\\Library\\Firmware\\GD32F10x_standard_peripheral\\Source\\gd32f10x_crc.c 0x00000000   Number         0  gd32f10x_crc.o ABSOLUTE
    ..\\Library\\Firmware\\GD32F10x_standard_peripheral\\Source\\gd32f10x_dac.c 0x00000000   Number         0  gd32f10x_dac.o ABSOLUTE
    ..\\Library\\Firmware\\GD32F10x_standard_peripheral\\Source\\gd32f10x_dbg.c 0x00000000   Number         0  gd32f10x_dbg.o ABSOLUTE
    ..\\Library\\Firmware\\GD32F10x_standard_peripheral\\Source\\gd32f10x_dma.c 0x00000000   Number         0  gd32f10x_dma.o ABSOLUTE
    ..\\Library\\Firmware\\GD32F10x_standard_peripheral\\Source\\gd32f10x_enet.c 0x00000000   Number         0  gd32f10x_enet.o ABSOLUTE
    ..\\Library\\Firmware\\GD32F10x_standard_peripheral\\Source\\gd32f10x_exmc.c 0x00000000   Number         0  gd32f10x_exmc.o ABSOLUTE
    ..\\Library\\Firmware\\GD32F10x_standard_peripheral\\Source\\gd32f10x_exti.c 0x00000000   Number         0  gd32f10x_exti.o ABSOLUTE
    ..\\Library\\Firmware\\GD32F10x_standard_peripheral\\Source\\gd32f10x_fmc.c 0x00000000   Number         0  gd32f10x_fmc.o ABSOLUTE
    ..\\Library\\Firmware\\GD32F10x_standard_peripheral\\Source\\gd32f10x_fwdgt.c 0x00000000   Number         0  gd32f10x_fwdgt.o ABSOLUTE
    ..\\Library\\Firmware\\GD32F10x_standard_peripheral\\Source\\gd32f10x_gpio.c 0x00000000   Number         0  gd32f10x_gpio.o ABSOLUTE
    ..\\Library\\Firmware\\GD32F10x_standard_peripheral\\Source\\gd32f10x_i2c.c 0x00000000   Number         0  gd32f10x_i2c.o ABSOLUTE
    ..\\Library\\Firmware\\GD32F10x_standard_peripheral\\Source\\gd32f10x_misc.c 0x00000000   Number         0  gd32f10x_misc.o ABSOLUTE
    ..\\Library\\Firmware\\GD32F10x_standard_peripheral\\Source\\gd32f10x_pmu.c 0x00000000   Number         0  gd32f10x_pmu.o ABSOLUTE
    ..\\Library\\Firmware\\GD32F10x_standard_peripheral\\Source\\gd32f10x_rcu.c 0x00000000   Number         0  gd32f10x_rcu.o ABSOLUTE
    ..\\Library\\Firmware\\GD32F10x_standard_peripheral\\Source\\gd32f10x_rtc.c 0x00000000   Number         0  gd32f10x_rtc.o ABSOLUTE
    ..\\Library\\Firmware\\GD32F10x_standard_peripheral\\Source\\gd32f10x_sdio.c 0x00000000   Number         0  gd32f10x_sdio.o ABSOLUTE
    ..\\Library\\Firmware\\GD32F10x_standard_peripheral\\Source\\gd32f10x_spi.c 0x00000000   Number         0  gd32f10x_spi.o ABSOLUTE
    ..\\Library\\Firmware\\GD32F10x_standard_peripheral\\Source\\gd32f10x_timer.c 0x00000000   Number         0  gd32f10x_timer.o ABSOLUTE
    ..\\Library\\Firmware\\GD32F10x_standard_peripheral\\Source\\gd32f10x_usart.c 0x00000000   Number         0  gd32f10x_usart.o ABSOLUTE
    ..\\Library\\Firmware\\GD32F10x_standard_peripheral\\Source\\gd32f10x_wwdgt.c 0x00000000   Number         0  gd32f10x_wwdgt.o ABSOLUTE
    ..\\Library\\Utilities\\gd32f107c_eval.c 0x00000000   Number         0  gd32f107c_eval.o ABSOLUTE
    ..\\Third_party\\FreeRTOS-8.2.3\\portable\\RVDS\\ARM_CM3\\port.c 0x00000000   Number         0  port.o ABSOLUTE
    ..\\src\\gd32f10x_it.c                   0x00000000   Number         0  gd32f10x_it.o ABSOLUTE
    ..\\src\\main.c                          0x00000000   Number         0  main.o ABSOLUTE
    ..\\src\\y138\\gd32f10x_hal.c            0x00000000   Number         0  gd32f10x_hal.o ABSOLUTE
    ..\\src\\y138\\hal_breath_light.c        0x00000000   Number         0  hal_breath_light.o ABSOLUTE
    ..\\src\\y138\\hal_drv_test.c            0x00000000   Number         0  hal_drv_test.o ABSOLUTE
    ..\\src\\y138\\hal_gpio_ctrl.c           0x00000000   Number         0  hal_gpio_ctrl.o ABSOLUTE
    ..\\src\\y138\\hal_i2c_ctrl.c            0x00000000   Number         0  hal_i2c_ctrl.o ABSOLUTE
    ..\\src\\y138\\hal_it_ctrl.c             0x00000000   Number         0  hal_it_ctrl.o ABSOLUTE
    ..\\src\\y138\\hal_pwm_ctrl.c            0x00000000   Number         0  hal_pwm_ctrl.o ABSOLUTE
    ..\\src\\y138\\hal_rk_ctrl.c             0x00000000   Number         0  hal_rk_ctrl.o ABSOLUTE
    ..\\src\\y138\\hal_rs485_ctrl.c          0x00000000   Number         0  hal_rs485_ctrl.o ABSOLUTE
    ..\\src\\y138\\hal_servo_ctrl.c          0x00000000   Number         0  hal_servo_ctrl.o ABSOLUTE
    ..\\src\\y138\\hal_timer_ctrl.c          0x00000000   Number         0  hal_timer_ctrl.o ABSOLUTE
    ..\\src\\y138\\hal_uart_ctrl.c           0x00000000   Number         0  hal_uart_ctrl.o ABSOLUTE
    ..\src\gd32f10x_it.c                     0x00000000   Number         0  gd32f10x_it.o ABSOLUTE
    ..\src\main.c                            0x00000000   Number         0  main.o ABSOLUTE
    ..\src\y138\gd32f10x_hal.c               0x00000000   Number         0  gd32f10x_hal.o ABSOLUTE
    ..\src\y138\hal_breath_light.c           0x00000000   Number         0  hal_breath_light.o ABSOLUTE
    ..\src\y138\hal_drv_test.c               0x00000000   Number         0  hal_drv_test.o ABSOLUTE
    ..\src\y138\hal_gpio_ctrl.c              0x00000000   Number         0  hal_gpio_ctrl.o ABSOLUTE
    ..\src\y138\hal_i2c_ctrl.c               0x00000000   Number         0  hal_i2c_ctrl.o ABSOLUTE
    ..\src\y138\hal_it_ctrl.c                0x00000000   Number         0  hal_it_ctrl.o ABSOLUTE
    ..\src\y138\hal_pwm_ctrl.c               0x00000000   Number         0  hal_pwm_ctrl.o ABSOLUTE
    ..\src\y138\hal_rk_ctrl.c                0x00000000   Number         0  hal_rk_ctrl.o ABSOLUTE
    ..\src\y138\hal_rs485_ctrl.c             0x00000000   Number         0  hal_rs485_ctrl.o ABSOLUTE
    ..\src\y138\hal_servo_ctrl.c             0x00000000   Number         0  hal_servo_ctrl.o ABSOLUTE
    ..\src\y138\hal_timer_ctrl.c             0x00000000   Number         0  hal_timer_ctrl.o ABSOLUTE
    ..\src\y138\hal_tp_ctrl.c                0x00000000   Number         0  hal_tp_ctrl.o ABSOLUTE
    ..\src\y138\hal_uart_ctrl.c              0x00000000   Number         0  hal_uart_ctrl.o ABSOLUTE
    cdrcmple.s                               0x00000000   Number         0  cdrcmple.o ABSOLUTE
    dc.s                                     0x00000000   Number         0  dc.o ABSOLUTE
    handlers.s                               0x00000000   Number         0  handlers.o ABSOLUTE
    init.s                                   0x00000000   Number         0  init.o ABSOLUTE
    RESET                                    0x08000000   Section      304  startup_gd32f10x_hd.o(RESET)
    .ARM.Collect$$$$00000000                 0x08000130   Section        0  entry.o(.ARM.Collect$$$$00000000)
    .ARM.Collect$$$$00000001                 0x08000130   Section        4  entry2.o(.ARM.Collect$$$$00000001)
    .ARM.Collect$$$$00000004                 0x08000134   Section        4  entry5.o(.ARM.Collect$$$$00000004)
    .ARM.Collect$$$$00000008                 0x08000138   Section        0  entry7b.o(.ARM.Collect$$$$00000008)
    .ARM.Collect$$$$0000000A                 0x08000138   Section        0  entry8b.o(.ARM.Collect$$$$0000000A)
    .ARM.Collect$$$$0000000B                 0x08000138   Section        8  entry9a.o(.ARM.Collect$$$$0000000B)
    .ARM.Collect$$$$0000000D                 0x08000140   Section        0  entry10a.o(.ARM.Collect$$$$0000000D)
    .ARM.Collect$$$$0000000F                 0x08000140   Section        0  entry11a.o(.ARM.Collect$$$$0000000F)
    .ARM.Collect$$$$00002712                 0x08000140   Section        4  entry2.o(.ARM.Collect$$$$00002712)
    __lit__00000000                          0x08000140   Data           4  entry2.o(.ARM.Collect$$$$00002712)
    .emb_text                                0x08000144   Section      162  port.o(.emb_text)
    .text                                    0x080001e8   Section       36  startup_gd32f10x_hd.o(.text)
    .text                                    0x0800020c   Section        0  memcpya.o(.text)
    .text                                    0x08000230   Section        0  memseta.o(.text)
    .text                                    0x08000254   Section        0  strcpy.o(.text)
    .text                                    0x08000268   Section       36  init.o(.text)
    i.BusFault_Handler                       0x0800028c   Section        0  gd32f10x_it.o(i.BusFault_Handler)
    i.DebugMon_Handler                       0x08000290   Section        0  gd32f10x_it.o(i.DebugMon_Handler)
    i.HAL_GetTick                            0x08000294   Section        0  gd32f10x_hal.o(i.HAL_GetTick)
    i.HAL_IncTick                            0x080002a0   Section        0  gd32f10x_hal.o(i.HAL_IncTick)
    i.HardFault_Handler                      0x080002b0   Section        0  gd32f10x_it.o(i.HardFault_Handler)
    i.MemManage_Handler                      0x080002b4   Section        0  gd32f10x_it.o(i.MemManage_Handler)
    i.NMI_Handler                            0x080002b8   Section        0  gd32f10x_it.o(i.NMI_Handler)
    i.SysTick_Handler                        0x080002bc   Section        0  port.o(i.SysTick_Handler)
    i.SystemInit                             0x080002dc   Section        0  system_gd32f10x.o(i.SystemInit)
    i.TIMER1_IRQHandler                      0x08000340   Section        0  gd32f10x_it.o(i.TIMER1_IRQHandler)
    i.TIMER2_IRQHandler                      0x08000342   Section        0  gd32f10x_it.o(i.TIMER2_IRQHandler)
    i.TIMER3_IRQHandler                      0x08000344   Section        0  gd32f10x_it.o(i.TIMER3_IRQHandler)
    i.TIMER4_IRQHandler                      0x08000348   Section        0  hal_timer_ctrl.o(i.TIMER4_IRQHandler)
    i.TIMER5_IRQHandler                      0x08000364   Section        0  gd32f10x_it.o(i.TIMER5_IRQHandler)
    i.UART3_IRQHandler                       0x08000368   Section        0  hal_it_ctrl.o(i.UART3_IRQHandler)
    i.UART4_IRQHandler                       0x08000390   Section        0  hal_rs485_ctrl.o(i.UART4_IRQHandler)
    i.UART_WaitOnFlagUntilTimeout            0x080003b8   Section        0  hal_uart_ctrl.o(i.UART_WaitOnFlagUntilTimeout)
    UART_WaitOnFlagUntilTimeout              0x080003b9   Thumb Code   148  hal_uart_ctrl.o(i.UART_WaitOnFlagUntilTimeout)
    i.USART0_IRQHandler                      0x08000450   Section        0  hal_uart_ctrl.o(i.USART0_IRQHandler)
    i.USART1_IRQHandler                      0x08000474   Section        0  hal_it_ctrl.o(i.USART1_IRQHandler)
    i.USART2_IRQHandler                      0x0800049c   Section        0  hal_it_ctrl.o(i.USART2_IRQHandler)
    i.UsageFault_Handler                     0x080004c4   Section        0  gd32f10x_it.o(i.UsageFault_Handler)
    i.__scatterload_copy                     0x080004c8   Section       14  handlers.o(i.__scatterload_copy)
    i.__scatterload_null                     0x080004d6   Section        2  handlers.o(i.__scatterload_null)
    i.__scatterload_zeroinit                 0x080004d8   Section       14  handlers.o(i.__scatterload_zeroinit)
    i.blight_gpio_init                       0x080004e6   Section        0  hal_gpio_ctrl.o(i.blight_gpio_init)
    i.dma_deinit                             0x080004e8   Section        0  gd32f10x_dma.o(i.dma_deinit)
    i.dma_periph_and_channel_check           0x08000558   Section        0  gd32f10x_dma.o(i.dma_periph_and_channel_check)
    dma_periph_and_channel_check             0x08000559   Thumb Code    18  gd32f10x_dma.o(i.dma_periph_and_channel_check)
    i.gd_eval_led_toggle                     0x08000570   Section        0  gd32f107c_eval.o(i.gd_eval_led_toggle)
    i.gpio_bit_reset                         0x080005a8   Section        0  gd32f10x_gpio.o(i.gpio_bit_reset)
    i.gpio_bit_set                           0x080005ac   Section        0  gd32f10x_gpio.o(i.gpio_bit_set)
    i.gpio_bit_write                         0x080005b0   Section        0  gd32f10x_gpio.o(i.gpio_bit_write)
    i.gpio_init                              0x080005ba   Section        0  gd32f10x_gpio.o(i.gpio_init)
    i.gpio_input_bit_get                     0x0800064e   Section        0  gd32f10x_gpio.o(i.gpio_input_bit_get)
    i.hal_clk_init                           0x0800065e   Section        0  hal_gpio_ctrl.o(i.hal_clk_init)
    hal_clk_init                             0x0800065f   Thumb Code    44  hal_gpio_ctrl.o(i.hal_clk_init)
    i.hal_gpio_init                          0x0800068a   Section        0  hal_gpio_ctrl.o(i.hal_gpio_init)
    i.hal_pwm_init                           0x080006a8   Section        0  hal_pwm_ctrl.o(i.hal_pwm_init)
    i.hal_rs485_init                         0x08000704   Section        0  hal_rs485_ctrl.o(i.hal_rs485_init)
    i.hal_timer_init                         0x08000730   Section        0  hal_timer_ctrl.o(i.hal_timer_init)
    i.hal_usuart_init                        0x08000738   Section        0  hal_uart_ctrl.o(i.hal_usuart_init)
    i.led_gpio_init                          0x0800075c   Section        0  hal_gpio_ctrl.o(i.led_gpio_init)
    i.led_on_off                             0x08000784   Section        0  hal_gpio_ctrl.o(i.led_on_off)
    i.main                                   0x080007cc   Section        0  main.o(i.main)
    i.nvic_irq_enable                        0x080008b8   Section        0  gd32f10x_misc.o(i.nvic_irq_enable)
    i.nvic_priority_group_set                0x0800095c   Section        0  gd32f10x_misc.o(i.nvic_priority_group_set)
    i.prvAddCurrentTaskToDelayedList         0x08000970   Section        0  tasks.o(i.prvAddCurrentTaskToDelayedList)
    prvAddCurrentTaskToDelayedList           0x08000971   Thumb Code    62  tasks.o(i.prvAddCurrentTaskToDelayedList)
    i.prvAllocateTCBAndStack                 0x080009c4   Section        0  tasks.o(i.prvAllocateTCBAndStack)
    prvAllocateTCBAndStack                   0x080009c5   Thumb Code    66  tasks.o(i.prvAllocateTCBAndStack)
    i.prvCheckForValidListAndQueue           0x08000a08   Section        0  timers.o(i.prvCheckForValidListAndQueue)
    prvCheckForValidListAndQueue             0x08000a09   Thumb Code    86  timers.o(i.prvCheckForValidListAndQueue)
    i.prvCheckTasksWaitingTermination        0x08000a7c   Section        0  tasks.o(i.prvCheckTasksWaitingTermination)
    prvCheckTasksWaitingTermination          0x08000a7d   Thumb Code    86  tasks.o(i.prvCheckTasksWaitingTermination)
    i.prvCopyDataFromQueue                   0x08000ae0   Section        0  queue.o(i.prvCopyDataFromQueue)
    prvCopyDataFromQueue                     0x08000ae1   Thumb Code    42  queue.o(i.prvCopyDataFromQueue)
    i.prvCopyDataToQueue                     0x08000b0a   Section        0  queue.o(i.prvCopyDataToQueue)
    prvCopyDataToQueue                       0x08000b0b   Thumb Code   128  queue.o(i.prvCopyDataToQueue)
    i.prvDeleteTCB                           0x08000b8a   Section        0  tasks.o(i.prvDeleteTCB)
    prvDeleteTCB                             0x08000b8b   Thumb Code    18  tasks.o(i.prvDeleteTCB)
    i.prvGetNextExpireTime                   0x08000b9c   Section        0  timers.o(i.prvGetNextExpireTime)
    prvGetNextExpireTime                     0x08000b9d   Thumb Code    36  timers.o(i.prvGetNextExpireTime)
    i.prvHeapInit                            0x08000bc4   Section        0  heap_2.o(i.prvHeapInit)
    prvHeapInit                              0x08000bc5   Thumb Code    42  heap_2.o(i.prvHeapInit)
    i.prvIdleTask                            0x08000bfc   Section        0  tasks.o(i.prvIdleTask)
    prvIdleTask                              0x08000bfd   Thumb Code    20  tasks.o(i.prvIdleTask)
    i.prvInitialiseTCBVariables              0x08000c14   Section        0  tasks.o(i.prvInitialiseTCBVariables)
    prvInitialiseTCBVariables                0x08000c15   Thumb Code    98  tasks.o(i.prvInitialiseTCBVariables)
    i.prvInitialiseTaskLists                 0x08000c78   Section        0  tasks.o(i.prvInitialiseTaskLists)
    prvInitialiseTaskLists                   0x08000c79   Thumb Code    70  tasks.o(i.prvInitialiseTaskLists)
    i.prvInsertTimerInActiveList             0x08000ce0   Section        0  timers.o(i.prvInsertTimerInActiveList)
    prvInsertTimerInActiveList               0x08000ce1   Thumb Code    80  timers.o(i.prvInsertTimerInActiveList)
    i.prvIsQueueEmpty                        0x08000d38   Section        0  queue.o(i.prvIsQueueEmpty)
    prvIsQueueEmpty                          0x08000d39   Thumb Code    26  queue.o(i.prvIsQueueEmpty)
    i.prvIsQueueFull                         0x08000d52   Section        0  queue.o(i.prvIsQueueFull)
    prvIsQueueFull                           0x08000d53   Thumb Code    30  queue.o(i.prvIsQueueFull)
    i.prvProcessExpiredTimer                 0x08000d70   Section        0  timers.o(i.prvProcessExpiredTimer)
    prvProcessExpiredTimer                   0x08000d71   Thumb Code    82  timers.o(i.prvProcessExpiredTimer)
    i.prvProcessReceivedCommands             0x08000dc8   Section        0  timers.o(i.prvProcessReceivedCommands)
    prvProcessReceivedCommands               0x08000dc9   Thumb Code   216  timers.o(i.prvProcessReceivedCommands)
    i.prvProcessTimerOrBlockTask             0x08000ea4   Section        0  timers.o(i.prvProcessTimerOrBlockTask)
    prvProcessTimerOrBlockTask               0x08000ea5   Thumb Code    90  timers.o(i.prvProcessTimerOrBlockTask)
    i.prvResetNextTaskUnblockTime            0x08000f08   Section        0  tasks.o(i.prvResetNextTaskUnblockTime)
    prvResetNextTaskUnblockTime              0x08000f09   Thumb Code    42  tasks.o(i.prvResetNextTaskUnblockTime)
    i.prvSampleTimeNow                       0x08000f3c   Section        0  timers.o(i.prvSampleTimeNow)
    prvSampleTimeNow                         0x08000f3d   Thumb Code    40  timers.o(i.prvSampleTimeNow)
    i.prvSwitchTimerLists                    0x08000f68   Section        0  timers.o(i.prvSwitchTimerLists)
    prvSwitchTimerLists                      0x08000f69   Thumb Code   136  timers.o(i.prvSwitchTimerLists)
    i.prvTaskExitError                       0x08000ff8   Section        0  port.o(i.prvTaskExitError)
    prvTaskExitError                         0x08000ff9   Thumb Code    32  port.o(i.prvTaskExitError)
    i.prvTimerTask                           0x0800101c   Section        0  timers.o(i.prvTimerTask)
    prvTimerTask                             0x0800101d   Thumb Code    26  timers.o(i.prvTimerTask)
    i.prvUnlockQueue                         0x08001036   Section        0  queue.o(i.prvUnlockQueue)
    prvUnlockQueue                           0x08001037   Thumb Code   126  queue.o(i.prvUnlockQueue)
    i.pvPortMalloc                           0x080010b4   Section        0  heap_2.o(i.pvPortMalloc)
    i.pvTaskIncrementMutexHeldCount          0x0800116c   Section        0  tasks.o(i.pvTaskIncrementMutexHeldCount)
    i.pvTimerGetTimerID                      0x0800118c   Section        0  timers.o(i.pvTimerGetTimerID)
    i.pxPortInitialiseStack                  0x080011ac   Section        0  port.o(i.pxPortInitialiseStack)
    i.rcu_clock_freq_get                     0x080011cc   Section        0  gd32f10x_rcu.o(i.rcu_clock_freq_get)
    i.rcu_periph_clock_enable                0x080012f0   Section        0  gd32f10x_rcu.o(i.rcu_periph_clock_enable)
    i.rcu_periph_reset_disable               0x08001310   Section        0  gd32f10x_rcu.o(i.rcu_periph_reset_disable)
    i.rcu_periph_reset_enable                0x08001330   Section        0  gd32f10x_rcu.o(i.rcu_periph_reset_enable)
    i.rs485_checkodd                         0x08001350   Section        0  hal_rs485_ctrl.o(i.rs485_checkodd)
    i.rs485_parseRecv                        0x0800137c   Section        0  hal_rs485_ctrl.o(i.rs485_parseRecv)
    rs485_parseRecv                          0x0800137d   Thumb Code   230  hal_rs485_ctrl.o(i.rs485_parseRecv)
    i.rs485_recv_enable                      0x08001470   Section        0  hal_rs485_ctrl.o(i.rs485_recv_enable)
    rs485_recv_enable                        0x08001471   Thumb Code    12  hal_rs485_ctrl.o(i.rs485_recv_enable)
    i.rtos_timer_init                        0x08001480   Section        0  hal_timer_ctrl.o(i.rtos_timer_init)
    rtos_timer_init                          0x08001481   Thumb Code    98  hal_timer_ctrl.o(i.rtos_timer_init)
    i.rtos_timer_start                       0x080014f8   Section        0  hal_timer_ctrl.o(i.rtos_timer_start)
    i.servo_power_init                       0x08001574   Section        0  hal_gpio_ctrl.o(i.servo_power_init)
    i.servo_power_on                         0x08001578   Section        0  hal_pwm_ctrl.o(i.servo_power_on)
    servo_power_on                           0x08001579   Thumb Code    12  hal_pwm_ctrl.o(i.servo_power_on)
    i.servo_pwm_def                          0x08001588   Section        0  hal_pwm_ctrl.o(i.servo_pwm_def)
    servo_pwm_def                            0x08001589   Thumb Code   500  hal_pwm_ctrl.o(i.servo_pwm_def)
    i.servo_pwm_init                         0x0800178c   Section        0  hal_gpio_ctrl.o(i.servo_pwm_init)
    i.servo_pwm_init                         0x08001790   Section        0  hal_pwm_ctrl.o(i.servo_pwm_init)
    servo_pwm_init                           0x08001791   Thumb Code   146  hal_pwm_ctrl.o(i.servo_pwm_init)
    i.servo_timer_init                       0x08001828   Section        0  hal_pwm_ctrl.o(i.servo_timer_init)
    servo_timer_init                         0x08001829   Thumb Code    50  hal_pwm_ctrl.o(i.servo_timer_init)
    i.system_clock_108m_hxtal                0x08001860   Section        0  system_gd32f10x.o(i.system_clock_108m_hxtal)
    system_clock_108m_hxtal                  0x08001861   Thumb Code   182  system_gd32f10x.o(i.system_clock_108m_hxtal)
    i.system_clock_config                    0x08001924   Section        0  system_gd32f10x.o(i.system_clock_config)
    system_clock_config                      0x08001925   Thumb Code     8  system_gd32f10x.o(i.system_clock_config)
    i.timer_auto_reload_shadow_enable        0x0800192c   Section        0  gd32f10x_timer.o(i.timer_auto_reload_shadow_enable)
    i.timer_channel_output_config            0x08001938   Section        0  gd32f10x_timer.o(i.timer_channel_output_config)
    i.timer_channel_output_mode_config       0x08001b24   Section        0  gd32f10x_timer.o(i.timer_channel_output_mode_config)
    i.timer_channel_output_pulse_value_config 0x08001b7e   Section        0  gd32f10x_timer.o(i.timer_channel_output_pulse_value_config)
    i.timer_deinit                           0x08001ba4   Section        0  gd32f10x_timer.o(i.timer_deinit)
    i.timer_enable                           0x08001c80   Section        0  gd32f10x_timer.o(i.timer_enable)
    i.timer_init                             0x08001c8c   Section        0  gd32f10x_timer.o(i.timer_init)
    i.timer_interrupt_flag_clear             0x08001d60   Section        0  gd32f10x_timer.o(i.timer_interrupt_flag_clear)
    i.timer_interrupt_flag_get               0x08001d68   Section        0  gd32f10x_timer.o(i.timer_interrupt_flag_get)
    i.uart_gpio_init                         0x08001d80   Section        0  hal_gpio_ctrl.o(i.uart_gpio_init)
    i.usart_baudrate_set                     0x08001d84   Section        0  gd32f10x_usart.o(i.usart_baudrate_set)
    i.usart_data_receive                     0x08001e14   Section        0  gd32f10x_usart.o(i.usart_data_receive)
    i.usart_data_transmit                    0x08001e1e   Section        0  gd32f10x_usart.o(i.usart_data_transmit)
    i.usart_deinit                           0x08001e28   Section        0  gd32f10x_usart.o(i.usart_deinit)
    i.usart_dma_receive_config               0x08001eb8   Section        0  gd32f10x_usart.o(i.usart_dma_receive_config)
    i.usart_dma_rx_init                      0x08001ec8   Section        0  hal_uart_ctrl.o(i.usart_dma_rx_init)
    usart_dma_rx_init                        0x08001ec9   Thumb Code    42  hal_uart_ctrl.o(i.usart_dma_rx_init)
    i.usart_dma_transmit_config              0x08001ef8   Section        0  gd32f10x_usart.o(i.usart_dma_transmit_config)
    i.usart_dma_tx_init                      0x08001f08   Section        0  hal_uart_ctrl.o(i.usart_dma_tx_init)
    usart_dma_tx_init                        0x08001f09   Thumb Code    42  hal_uart_ctrl.o(i.usart_dma_tx_init)
    i.usart_enable                           0x08001f38   Section        0  gd32f10x_usart.o(i.usart_enable)
    i.usart_flag_get                         0x08001f42   Section        0  gd32f10x_usart.o(i.usart_flag_get)
    i.usart_interrupt_enable                 0x08001f60   Section        0  gd32f10x_usart.o(i.usart_interrupt_enable)
    i.usart_interrupt_flag_clear             0x08001f7a   Section        0  gd32f10x_usart.o(i.usart_interrupt_flag_clear)
    i.usart_parity_config                    0x08001f94   Section        0  gd32f10x_usart.o(i.usart_parity_config)
    i.usart_receive_config                   0x08001fa4   Section        0  gd32f10x_usart.o(i.usart_receive_config)
    i.usart_stop_bit_set                     0x08001fb4   Section        0  gd32f10x_usart.o(i.usart_stop_bit_set)
    i.usart_transmit_config                  0x08001fc4   Section        0  gd32f10x_usart.o(i.usart_transmit_config)
    i.usart_word_length_set                  0x08001fd4   Section        0  gd32f10x_usart.o(i.usart_word_length_set)
    i.usuart_ctrlCfg                         0x08001fe4   Section        0  hal_uart_ctrl.o(i.usuart_ctrlCfg)
    usuart_ctrlCfg                           0x08001fe5   Thumb Code   398  hal_uart_ctrl.o(i.usuart_ctrlCfg)
    i.usuart_defInit                         0x08002178   Section        0  hal_uart_ctrl.o(i.usuart_defInit)
    usuart_defInit                           0x08002179   Thumb Code   566  hal_uart_ctrl.o(i.usuart_defInit)
    i.usuart_send                            0x080023d8   Section        0  hal_uart_ctrl.o(i.usuart_send)
    i.uxListRemove                           0x0800251c   Section        0  list.o(i.uxListRemove)
    i.vListInitialise                        0x08002544   Section        0  list.o(i.vListInitialise)
    i.vListInitialiseItem                    0x0800255e   Section        0  list.o(i.vListInitialiseItem)
    i.vListInsert                            0x08002564   Section        0  list.o(i.vListInsert)
    i.vListInsertEnd                         0x08002598   Section        0  list.o(i.vListInsertEnd)
    i.vPortEnterCritical                     0x080025b0   Section        0  port.o(i.vPortEnterCritical)
    i.vPortExitCritical                      0x080025f4   Section        0  port.o(i.vPortExitCritical)
    i.vPortFree                              0x08002620   Section        0  heap_2.o(i.vPortFree)
    i.vPortSetupTimerInterrupt               0x08002660   Section        0  port.o(i.vPortSetupTimerInterrupt)
    i.vPortValidateInterruptPriority         0x08002680   Section        0  port.o(i.vPortValidateInterruptPriority)
    i.vPortYield                             0x080026dc   Section        0  port.o(i.vPortYield)
    i.vQueueAddToRegistry                    0x080026f4   Section        0  queue.o(i.vQueueAddToRegistry)
    i.vQueueWaitForMessageRestricted         0x08002720   Section        0  queue.o(i.vQueueWaitForMessageRestricted)
    i.vTaskDelay                             0x08002764   Section        0  tasks.o(i.vTaskDelay)
    i.vTaskLED1                              0x080027d4   Section        0  main.o(i.vTaskLED1)
    vTaskLED1                                0x080027d5   Thumb Code    26  main.o(i.vTaskLED1)
    i.vTaskLED2                              0x080027f4   Section        0  main.o(i.vTaskLED2)
    vTaskLED2                                0x080027f5   Thumb Code    16  main.o(i.vTaskLED2)
    i.vTaskMissedYield                       0x08002804   Section        0  tasks.o(i.vTaskMissedYield)
    i.vTaskPlaceOnEventList                  0x08002810   Section        0  tasks.o(i.vTaskPlaceOnEventList)
    i.vTaskPlaceOnEventListRestricted        0x08002880   Section        0  tasks.o(i.vTaskPlaceOnEventListRestricted)
    i.vTaskPriorityInherit                   0x080028f4   Section        0  tasks.o(i.vTaskPriorityInherit)
    i.vTaskSetTimeOutState                   0x080029a4   Section        0  tasks.o(i.vTaskSetTimeOutState)
    i.vTaskStartScheduler                    0x080029c8   Section        0  tasks.o(i.vTaskStartScheduler)
    i.vTaskSuspendAll                        0x08002a30   Section        0  tasks.o(i.vTaskSuspendAll)
    i.vTaskSwitchContext                     0x08002a40   Section        0  tasks.o(i.vTaskSwitchContext)
    i.vTimerCallback                         0x08002ac0   Section        0  hal_it_ctrl.o(i.vTimerCallback)
    i.xPortStartScheduler                    0x08002ae8   Section        0  port.o(i.xPortStartScheduler)
    i.xQueueGenericCreate                    0x08002b88   Section        0  queue.o(i.xQueueGenericCreate)
    i.xQueueGenericReceive                   0x08002bf2   Section        0  queue.o(i.xQueueGenericReceive)
    i.xQueueGenericReset                     0x08002d4c   Section        0  queue.o(i.xQueueGenericReset)
    i.xQueueGenericSend                      0x08002dc4   Section        0  queue.o(i.xQueueGenericSend)
    i.xQueueGenericSendFromISR               0x08002f06   Section        0  queue.o(i.xQueueGenericSendFromISR)
    i.xTaskCheckForTimeOut                   0x08002fb4   Section        0  tasks.o(i.xTaskCheckForTimeOut)
    i.xTaskGenericCreate                     0x08003028   Section        0  tasks.o(i.xTaskGenericCreate)
    i.xTaskGetSchedulerState                 0x08003160   Section        0  tasks.o(i.xTaskGetSchedulerState)
    i.xTaskGetTickCount                      0x08003180   Section        0  tasks.o(i.xTaskGetTickCount)
    i.xTaskIncrementTick                     0x0800318c   Section        0  tasks.o(i.xTaskIncrementTick)
    i.xTaskPriorityDisinherit                0x080032c8   Section        0  tasks.o(i.xTaskPriorityDisinherit)
    i.xTaskRemoveFromEventList               0x08003374   Section        0  tasks.o(i.xTaskRemoveFromEventList)
    i.xTaskResumeAll                         0x08003400   Section        0  tasks.o(i.xTaskResumeAll)
    i.xTimerCreate                           0x080034e8   Section        0  timers.o(i.xTimerCreate)
    i.xTimerCreateTimerTask                  0x08003538   Section        0  timers.o(i.xTimerCreateTimerTask)
    i.xTimerGenericCommand                   0x08003584   Section        0  timers.o(i.xTimerGenericCommand)
    .conststring                             0x080035f8   Section       40  main.o(.conststring)
    .data                                    0x20000000   Section       32  main.o(.data)
    xHandleTaskLED1                          0x20000008   Data           4  main.o(.data)
    xHandleTaskLED2                          0x2000000c   Data           4  main.o(.data)
    .data                                    0x20000020   Section        4  gd32f10x_hal.o(.data)
    .data                                    0x20000024   Section        4  system_gd32f10x.o(.data)
    .data                                    0x20000028   Section      125  gd32f107c_eval.o(.data)
    GPIO_PORT                                0x20000028   Data          16  gd32f107c_eval.o(.data)
    GPIO_PIN                                 0x20000038   Data          16  gd32f107c_eval.o(.data)
    COM_CLK                                  0x20000048   Data           4  gd32f107c_eval.o(.data)
    COM_TX_PIN                               0x2000004c   Data           8  gd32f107c_eval.o(.data)
    COM_RX_PIN                               0x20000054   Data           8  gd32f107c_eval.o(.data)
    COM_GPIO_PORT                            0x2000005c   Data           8  gd32f107c_eval.o(.data)
    COM_GPIO_CLK                             0x20000064   Data           4  gd32f107c_eval.o(.data)
    GPIO_CLK                                 0x20000068   Data           8  gd32f107c_eval.o(.data)
    KEY_PORT                                 0x20000070   Data          12  gd32f107c_eval.o(.data)
    KEY_PIN                                  0x2000007c   Data          12  gd32f107c_eval.o(.data)
    KEY_CLK                                  0x20000088   Data           6  gd32f107c_eval.o(.data)
    KEY_EXTI_LINE                            0x20000090   Data          12  gd32f107c_eval.o(.data)
    KEY_PORT_SOURCE                          0x2000009c   Data           3  gd32f107c_eval.o(.data)
    KEY_PIN_SOURCE                           0x2000009f   Data           3  gd32f107c_eval.o(.data)
    KEY_IRQn                                 0x200000a2   Data           3  gd32f107c_eval.o(.data)
    .data                                    0x200000a8   Section       56  tasks.o(.data)
    pxDelayedTaskList                        0x200000ac   Data           4  tasks.o(.data)
    pxOverflowDelayedTaskList                0x200000b0   Data           4  tasks.o(.data)
    uxTasksDeleted                           0x200000b4   Data           4  tasks.o(.data)
    uxCurrentNumberOfTasks                   0x200000b8   Data           4  tasks.o(.data)
    xTickCount                               0x200000bc   Data           4  tasks.o(.data)
    uxTopReadyPriority                       0x200000c0   Data           4  tasks.o(.data)
    xSchedulerRunning                        0x200000c4   Data           4  tasks.o(.data)
    uxPendedTicks                            0x200000c8   Data           4  tasks.o(.data)
    xYieldPending                            0x200000cc   Data           4  tasks.o(.data)
    xNumOfOverflows                          0x200000d0   Data           4  tasks.o(.data)
    uxTaskNumber                             0x200000d4   Data           4  tasks.o(.data)
    xNextTaskUnblockTime                     0x200000d8   Data           4  tasks.o(.data)
    uxSchedulerSuspended                     0x200000dc   Data           4  tasks.o(.data)
    .data                                    0x200000e0   Section       16  timers.o(.data)
    pxCurrentTimerList                       0x200000e0   Data           4  timers.o(.data)
    pxOverflowTimerList                      0x200000e4   Data           4  timers.o(.data)
    xTimerQueue                              0x200000e8   Data           4  timers.o(.data)
    xLastTime                                0x200000ec   Data           4  timers.o(.data)
    .data                                    0x200000f0   Section       12  port.o(.data)
    uxCriticalNesting                        0x200000f0   Data           4  port.o(.data)
    ucMaxSysCallPriority                     0x200000f4   Data           1  port.o(.data)
    ulMaxPRIGROUPValue                       0x200000f8   Data           4  port.o(.data)
    .data                                    0x200000fc   Section       24  heap_2.o(.data)
    xStart                                   0x200000fc   Data           8  heap_2.o(.data)
    xEnd                                     0x20000104   Data           8  heap_2.o(.data)
    xFreeBytesRemaining                      0x2000010c   Data           4  heap_2.o(.data)
    xHeapHasBeenInitialised                  0x20000110   Data           4  heap_2.o(.data)
    .data                                    0x20000114   Section        8  hal_gpio_ctrl.o(.data)
    .data                                    0x2000011c   Section        4  hal_rs485_ctrl.o(.data)
    .data                                    0x20000120   Section        1  hal_it_ctrl.o(.data)
    .bss                                     0x20000124   Section       64  queue.o(.bss)
    .bss                                     0x20000164   Section      260  tasks.o(.bss)
    pxReadyTasksLists                        0x20000164   Data         160  tasks.o(.bss)
    xDelayedTaskList1                        0x20000204   Data          20  tasks.o(.bss)
    xDelayedTaskList2                        0x20000218   Data          20  tasks.o(.bss)
    xPendingReadyList                        0x2000022c   Data          20  tasks.o(.bss)
    xTasksWaitingTermination                 0x20000240   Data          20  tasks.o(.bss)
    xSuspendedTaskList                       0x20000254   Data          20  tasks.o(.bss)
    .bss                                     0x20000268   Section       40  timers.o(.bss)
    xActiveTimerList1                        0x20000268   Data          20  timers.o(.bss)
    xActiveTimerList2                        0x2000027c   Data          20  timers.o(.bss)
    .bss                                     0x20000290   Section    30720  heap_2.o(.bss)
    ucHeap                                   0x20000290   Data       30720  heap_2.o(.bss)
    .bss                                     0x20007a90   Section     2920  hal_uart_ctrl.o(.bss)
    .bss                                     0x200085f8   Section      140  hal_timer_ctrl.o(.bss)
    .bss                                     0x20008684   Section      196  hal_pwm_ctrl.o(.bss)
    timeTable                                0x20008738   Data          16  hal_pwm_ctrl.o(.bss)
    .bss                                     0x20008748   Section      140  hal_rs485_ctrl.o(.bss)
    STACK                                    0x200087d8   Section     8192  startup_gd32f10x_hd.o(STACK)

    Global Symbols

    Symbol Name                              Value     Ov Type        Size  Object(Section)

    BuildAttributes$$THM_ISAv4$P$D$K$B$S$PE$A:L22UL41UL21$X:L11$S22US41US21$IEEE1$IW$USESV6$~STKCKD$USESV7$~SHL$OTIME$ROPI$EBA8$MICROLIB$REQ8$PRES8$EABIv2 0x00000000   Number         0  anon$$obj.o ABSOLUTE
    __ARM_use_no_argv                        0x00000000   Number         0  main.o ABSOLUTE
    _printf_a                                0x00000000   Number         0  stubs.o ABSOLUTE
    _printf_c                                0x00000000   Number         0  stubs.o ABSOLUTE
    _printf_charcount                        0x00000000   Number         0  stubs.o ABSOLUTE
    _printf_d                                0x00000000   Number         0  stubs.o ABSOLUTE
    _printf_e                                0x00000000   Number         0  stubs.o ABSOLUTE
    _printf_f                                0x00000000   Number         0  stubs.o ABSOLUTE
    _printf_flags                            0x00000000   Number         0  stubs.o ABSOLUTE
    _printf_fp_dec                           0x00000000   Number         0  stubs.o ABSOLUTE
    _printf_fp_hex                           0x00000000   Number         0  stubs.o ABSOLUTE
    _printf_g                                0x00000000   Number         0  stubs.o ABSOLUTE
    _printf_i                                0x00000000   Number         0  stubs.o ABSOLUTE
    _printf_int_dec                          0x00000000   Number         0  stubs.o ABSOLUTE
    _printf_l                                0x00000000   Number         0  stubs.o ABSOLUTE
    _printf_lc                               0x00000000   Number         0  stubs.o ABSOLUTE
    _printf_ll                               0x00000000   Number         0  stubs.o ABSOLUTE
    _printf_lld                              0x00000000   Number         0  stubs.o ABSOLUTE
    _printf_lli                              0x00000000   Number         0  stubs.o ABSOLUTE
    _printf_llo                              0x00000000   Number         0  stubs.o ABSOLUTE
    _printf_llu                              0x00000000   Number         0  stubs.o ABSOLUTE
    _printf_llx                              0x00000000   Number         0  stubs.o ABSOLUTE
    _printf_longlong_dec                     0x00000000   Number         0  stubs.o ABSOLUTE
    _printf_longlong_hex                     0x00000000   Number         0  stubs.o ABSOLUTE
    _printf_longlong_oct                     0x00000000   Number         0  stubs.o ABSOLUTE
    _printf_ls                               0x00000000   Number         0  stubs.o ABSOLUTE
    _printf_mbtowc                           0x00000000   Number         0  stubs.o ABSOLUTE
    _printf_n                                0x00000000   Number         0  stubs.o ABSOLUTE
    _printf_o                                0x00000000   Number         0  stubs.o ABSOLUTE
    _printf_p                                0x00000000   Number         0  stubs.o ABSOLUTE
    _printf_percent                          0x00000000   Number         0  stubs.o ABSOLUTE
    _printf_pre_padding                      0x00000000   Number         0  stubs.o ABSOLUTE
    _printf_return_value                     0x00000000   Number         0  stubs.o ABSOLUTE
    _printf_s                                0x00000000   Number         0  stubs.o ABSOLUTE
    _printf_sizespec                         0x00000000   Number         0  stubs.o ABSOLUTE
    _printf_str                              0x00000000   Number         0  stubs.o ABSOLUTE
    _printf_truncate_signed                  0x00000000   Number         0  stubs.o ABSOLUTE
    _printf_truncate_unsigned                0x00000000   Number         0  stubs.o ABSOLUTE
    _printf_u                                0x00000000   Number         0  stubs.o ABSOLUTE
    _printf_wc                               0x00000000   Number         0  stubs.o ABSOLUTE
    _printf_wctomb                           0x00000000   Number         0  stubs.o ABSOLUTE
    _printf_widthprec                        0x00000000   Number         0  stubs.o ABSOLUTE
    _printf_x                                0x00000000   Number         0  stubs.o ABSOLUTE
    __cpp_initialize__aeabi_                  - Undefined Weak Reference
    __cxa_finalize                            - Undefined Weak Reference
    __decompress                              - Undefined Weak Reference
    _clock_init                               - Undefined Weak Reference
    _microlib_exit                            - Undefined Weak Reference
    __Vectors_Size                           0x00000130   Number         0  startup_gd32f10x_hd.o ABSOLUTE
    __Vectors                                0x08000000   Data           4  startup_gd32f10x_hd.o(RESET)
    __Vectors_End                            0x08000130   Data           0  startup_gd32f10x_hd.o(RESET)
    __main                                   0x08000131   Thumb Code     0  entry.o(.ARM.Collect$$$$00000000)
    _main_stk                                0x08000131   Thumb Code     0  entry2.o(.ARM.Collect$$$$00000001)
    _main_scatterload                        0x08000135   Thumb Code     0  entry5.o(.ARM.Collect$$$$00000004)
    __main_after_scatterload                 0x08000139   Thumb Code     0  entry5.o(.ARM.Collect$$$$00000004)
    _main_clock                              0x08000139   Thumb Code     0  entry7b.o(.ARM.Collect$$$$00000008)
    _main_cpp_init                           0x08000139   Thumb Code     0  entry8b.o(.ARM.Collect$$$$0000000A)
    _main_init                               0x08000139   Thumb Code     0  entry9a.o(.ARM.Collect$$$$0000000B)
    __rt_final_cpp                           0x08000141   Thumb Code     0  entry10a.o(.ARM.Collect$$$$0000000D)
    __rt_final_exit                          0x08000141   Thumb Code     0  entry11a.o(.ARM.Collect$$$$0000000F)
    SVC_Handler                              0x08000145   Thumb Code    32  port.o(.emb_text)
    __asm___6_port_c_39a90d8d__prvStartFirstTask 0x08000169   Thumb Code    28  port.o(.emb_text)
    PendSV_Handler                           0x08000189   Thumb Code    64  port.o(.emb_text)
    ulPortSetInterruptMask                   0x080001cd   Thumb Code    14  port.o(.emb_text)
    vPortClearInterruptMask                  0x080001db   Thumb Code     6  port.o(.emb_text)
    vPortGetIPSR                             0x080001e1   Thumb Code     6  port.o(.emb_text)
    Reset_Handler                            0x080001e9   Thumb Code     8  startup_gd32f10x_hd.o(.text)
    ADC0_1_IRQHandler                        0x08000203   Thumb Code     0  startup_gd32f10x_hd.o(.text)
    ADC2_IRQHandler                          0x08000203   Thumb Code     0  startup_gd32f10x_hd.o(.text)
    CAN0_EWMC_IRQHandler                     0x08000203   Thumb Code     0  startup_gd32f10x_hd.o(.text)
    CAN0_RX1_IRQHandler                      0x08000203   Thumb Code     0  startup_gd32f10x_hd.o(.text)
    DMA0_Channel0_IRQHandler                 0x08000203   Thumb Code     0  startup_gd32f10x_hd.o(.text)
    DMA0_Channel1_IRQHandler                 0x08000203   Thumb Code     0  startup_gd32f10x_hd.o(.text)
    DMA0_Channel2_IRQHandler                 0x08000203   Thumb Code     0  startup_gd32f10x_hd.o(.text)
    DMA0_Channel3_IRQHandler                 0x08000203   Thumb Code     0  startup_gd32f10x_hd.o(.text)
    DMA0_Channel4_IRQHandler                 0x08000203   Thumb Code     0  startup_gd32f10x_hd.o(.text)
    DMA0_Channel5_IRQHandler                 0x08000203   Thumb Code     0  startup_gd32f10x_hd.o(.text)
    DMA0_Channel6_IRQHandler                 0x08000203   Thumb Code     0  startup_gd32f10x_hd.o(.text)
    DMA1_Channel0_IRQHandler                 0x08000203   Thumb Code     0  startup_gd32f10x_hd.o(.text)
    DMA1_Channel1_IRQHandler                 0x08000203   Thumb Code     0  startup_gd32f10x_hd.o(.text)
    DMA1_Channel2_IRQHandler                 0x08000203   Thumb Code     0  startup_gd32f10x_hd.o(.text)
    DMA1_Channel3_4_IRQHandler               0x08000203   Thumb Code     0  startup_gd32f10x_hd.o(.text)
    EXMC_IRQHandler                          0x08000203   Thumb Code     0  startup_gd32f10x_hd.o(.text)
    EXTI0_IRQHandler                         0x08000203   Thumb Code     0  startup_gd32f10x_hd.o(.text)
    EXTI10_15_IRQHandler                     0x08000203   Thumb Code     0  startup_gd32f10x_hd.o(.text)
    EXTI1_IRQHandler                         0x08000203   Thumb Code     0  startup_gd32f10x_hd.o(.text)
    EXTI2_IRQHandler                         0x08000203   Thumb Code     0  startup_gd32f10x_hd.o(.text)
    EXTI3_IRQHandler                         0x08000203   Thumb Code     0  startup_gd32f10x_hd.o(.text)
    EXTI4_IRQHandler                         0x08000203   Thumb Code     0  startup_gd32f10x_hd.o(.text)
    EXTI5_9_IRQHandler                       0x08000203   Thumb Code     0  startup_gd32f10x_hd.o(.text)
    FMC_IRQHandler                           0x08000203   Thumb Code     0  startup_gd32f10x_hd.o(.text)
    I2C0_ER_IRQHandler                       0x08000203   Thumb Code     0  startup_gd32f10x_hd.o(.text)
    I2C0_EV_IRQHandler                       0x08000203   Thumb Code     0  startup_gd32f10x_hd.o(.text)
    I2C1_ER_IRQHandler                       0x08000203   Thumb Code     0  startup_gd32f10x_hd.o(.text)
    I2C1_EV_IRQHandler                       0x08000203   Thumb Code     0  startup_gd32f10x_hd.o(.text)
    LVD_IRQHandler                           0x08000203   Thumb Code     0  startup_gd32f10x_hd.o(.text)
    RCU_IRQHandler                           0x08000203   Thumb Code     0  startup_gd32f10x_hd.o(.text)
    RTC_Alarm_IRQHandler                     0x08000203   Thumb Code     0  startup_gd32f10x_hd.o(.text)
    RTC_IRQHandler                           0x08000203   Thumb Code     0  startup_gd32f10x_hd.o(.text)
    SDIO_IRQHandler                          0x08000203   Thumb Code     0  startup_gd32f10x_hd.o(.text)
    SPI0_IRQHandler                          0x08000203   Thumb Code     0  startup_gd32f10x_hd.o(.text)
    SPI1_IRQHandler                          0x08000203   Thumb Code     0  startup_gd32f10x_hd.o(.text)
    SPI2_IRQHandler                          0x08000203   Thumb Code     0  startup_gd32f10x_hd.o(.text)
    TAMPER_IRQHandler                        0x08000203   Thumb Code     0  startup_gd32f10x_hd.o(.text)
    TIMER0_BRK_IRQHandler                    0x08000203   Thumb Code     0  startup_gd32f10x_hd.o(.text)
    TIMER0_Channel_IRQHandler                0x08000203   Thumb Code     0  startup_gd32f10x_hd.o(.text)
    TIMER0_TRG_CMT_IRQHandler                0x08000203   Thumb Code     0  startup_gd32f10x_hd.o(.text)
    TIMER0_UP_IRQHandler                     0x08000203   Thumb Code     0  startup_gd32f10x_hd.o(.text)
    TIMER6_IRQHandler                        0x08000203   Thumb Code     0  startup_gd32f10x_hd.o(.text)
    TIMER7_BRK_IRQHandler                    0x08000203   Thumb Code     0  startup_gd32f10x_hd.o(.text)
    TIMER7_Channel_IRQHandler                0x08000203   Thumb Code     0  startup_gd32f10x_hd.o(.text)
    TIMER7_TRG_CMT_IRQHandler                0x08000203   Thumb Code     0  startup_gd32f10x_hd.o(.text)
    TIMER7_UP_IRQHandler                     0x08000203   Thumb Code     0  startup_gd32f10x_hd.o(.text)
    USBD_HP_CAN0_TX_IRQHandler               0x08000203   Thumb Code     0  startup_gd32f10x_hd.o(.text)
    USBD_LP_CAN0_RX0_IRQHandler              0x08000203   Thumb Code     0  startup_gd32f10x_hd.o(.text)
    USBD_WKUP_IRQHandler                     0x08000203   Thumb Code     0  startup_gd32f10x_hd.o(.text)
    WWDGT_IRQHandler                         0x08000203   Thumb Code     0  startup_gd32f10x_hd.o(.text)
    __aeabi_memcpy                           0x0800020d   Thumb Code    36  memcpya.o(.text)
    __aeabi_memcpy4                          0x0800020d   Thumb Code     0  memcpya.o(.text)
    __aeabi_memcpy8                          0x0800020d   Thumb Code     0  memcpya.o(.text)
    __aeabi_memset                           0x08000231   Thumb Code    14  memseta.o(.text)
    __aeabi_memset4                          0x08000231   Thumb Code     0  memseta.o(.text)
    __aeabi_memset8                          0x08000231   Thumb Code     0  memseta.o(.text)
    __aeabi_memclr                           0x0800023f   Thumb Code     4  memseta.o(.text)
    __aeabi_memclr4                          0x0800023f   Thumb Code     0  memseta.o(.text)
    __aeabi_memclr8                          0x0800023f   Thumb Code     0  memseta.o(.text)
    _memset$wrapper                          0x08000243   Thumb Code    18  memseta.o(.text)
    strcpy                                   0x08000255   Thumb Code    18  strcpy.o(.text)
    __scatterload                            0x08000269   Thumb Code    28  init.o(.text)
    __scatterload_rt2                        0x08000269   Thumb Code     0  init.o(.text)
    BusFault_Handler                         0x0800028d   Thumb Code     4  gd32f10x_it.o(i.BusFault_Handler)
    DebugMon_Handler                         0x08000291   Thumb Code     2  gd32f10x_it.o(i.DebugMon_Handler)
    HAL_GetTick                              0x08000295   Thumb Code     6  gd32f10x_hal.o(i.HAL_GetTick)
    HAL_IncTick                              0x080002a1   Thumb Code    12  gd32f10x_hal.o(i.HAL_IncTick)
    HardFault_Handler                        0x080002b1   Thumb Code     4  gd32f10x_it.o(i.HardFault_Handler)
    MemManage_Handler                        0x080002b5   Thumb Code     4  gd32f10x_it.o(i.MemManage_Handler)
    NMI_Handler                              0x080002b9   Thumb Code     2  gd32f10x_it.o(i.NMI_Handler)
    SysTick_Handler                          0x080002bd   Thumb Code    28  port.o(i.SysTick_Handler)
    SystemInit                               0x080002dd   Thumb Code    84  system_gd32f10x.o(i.SystemInit)
    TIMER1_IRQHandler                        0x08000341   Thumb Code     2  gd32f10x_it.o(i.TIMER1_IRQHandler)
    TIMER2_IRQHandler                        0x08000343   Thumb Code     2  gd32f10x_it.o(i.TIMER2_IRQHandler)
    TIMER3_IRQHandler                        0x08000345   Thumb Code     2  gd32f10x_it.o(i.TIMER3_IRQHandler)
    TIMER4_IRQHandler                        0x08000349   Thumb Code    24  hal_timer_ctrl.o(i.TIMER4_IRQHandler)
    TIMER5_IRQHandler                        0x08000365   Thumb Code     2  gd32f10x_it.o(i.TIMER5_IRQHandler)
    UART3_IRQHandler                         0x08000369   Thumb Code    32  hal_it_ctrl.o(i.UART3_IRQHandler)
    UART4_IRQHandler                         0x08000391   Thumb Code    32  hal_rs485_ctrl.o(i.UART4_IRQHandler)
    USART0_IRQHandler                        0x08000451   Thumb Code    30  hal_uart_ctrl.o(i.USART0_IRQHandler)
    USART1_IRQHandler                        0x08000475   Thumb Code    32  hal_it_ctrl.o(i.USART1_IRQHandler)
    USART2_IRQHandler                        0x0800049d   Thumb Code    32  hal_it_ctrl.o(i.USART2_IRQHandler)
    UsageFault_Handler                       0x080004c5   Thumb Code     4  gd32f10x_it.o(i.UsageFault_Handler)
    __scatterload_copy                       0x080004c9   Thumb Code    14  handlers.o(i.__scatterload_copy)
    __scatterload_null                       0x080004d7   Thumb Code     2  handlers.o(i.__scatterload_null)
    __scatterload_zeroinit                   0x080004d9   Thumb Code    14  handlers.o(i.__scatterload_zeroinit)
    blight_gpio_init                         0x080004e7   Thumb Code     2  hal_gpio_ctrl.o(i.blight_gpio_init)
    dma_deinit                               0x080004e9   Thumb Code   112  gd32f10x_dma.o(i.dma_deinit)
    gd_eval_led_toggle                       0x08000571   Thumb Code    46  gd32f107c_eval.o(i.gd_eval_led_toggle)
    gpio_bit_reset                           0x080005a9   Thumb Code     4  gd32f10x_gpio.o(i.gpio_bit_reset)
    gpio_bit_set                             0x080005ad   Thumb Code     4  gd32f10x_gpio.o(i.gpio_bit_set)
    gpio_bit_write                           0x080005b1   Thumb Code    10  gd32f10x_gpio.o(i.gpio_bit_write)
    gpio_init                                0x080005bb   Thumb Code   148  gd32f10x_gpio.o(i.gpio_init)
    gpio_input_bit_get                       0x0800064f   Thumb Code    16  gd32f10x_gpio.o(i.gpio_input_bit_get)
    hal_gpio_init                            0x0800068b   Thumb Code    28  hal_gpio_ctrl.o(i.hal_gpio_init)
    hal_pwm_init                             0x080006a9   Thumb Code    86  hal_pwm_ctrl.o(i.hal_pwm_init)
    hal_rs485_init                           0x08000705   Thumb Code    34  hal_rs485_ctrl.o(i.hal_rs485_init)
    hal_timer_init                           0x08000731   Thumb Code     8  hal_timer_ctrl.o(i.hal_timer_init)
    hal_usuart_init                          0x08000739   Thumb Code    34  hal_uart_ctrl.o(i.hal_usuart_init)
    led_gpio_init                            0x0800075d   Thumb Code    32  hal_gpio_ctrl.o(i.led_gpio_init)
    led_on_off                               0x08000785   Thumb Code    64  hal_gpio_ctrl.o(i.led_on_off)
    main                                     0x080007cd   Thumb Code   184  main.o(i.main)
    nvic_irq_enable                          0x080008b9   Thumb Code   156  gd32f10x_misc.o(i.nvic_irq_enable)
    nvic_priority_group_set                  0x0800095d   Thumb Code    10  gd32f10x_misc.o(i.nvic_priority_group_set)
    pvPortMalloc                             0x080010b5   Thumb Code   166  heap_2.o(i.pvPortMalloc)
    pvTaskIncrementMutexHeldCount            0x0800116d   Thumb Code    26  tasks.o(i.pvTaskIncrementMutexHeldCount)
    pvTimerGetTimerID                        0x0800118d   Thumb Code    30  timers.o(i.pvTimerGetTimerID)
    pxPortInitialiseStack                    0x080011ad   Thumb Code    26  port.o(i.pxPortInitialiseStack)
    rcu_clock_freq_get                       0x080011cd   Thumb Code   264  gd32f10x_rcu.o(i.rcu_clock_freq_get)
    rcu_periph_clock_enable                  0x080012f1   Thumb Code    28  gd32f10x_rcu.o(i.rcu_periph_clock_enable)
    rcu_periph_reset_disable                 0x08001311   Thumb Code    28  gd32f10x_rcu.o(i.rcu_periph_reset_disable)
    rcu_periph_reset_enable                  0x08001331   Thumb Code    28  gd32f10x_rcu.o(i.rcu_periph_reset_enable)
    rs485_checkodd                           0x08001351   Thumb Code    40  hal_rs485_ctrl.o(i.rs485_checkodd)
    rtos_timer_start                         0x080014f9   Thumb Code   120  hal_timer_ctrl.o(i.rtos_timer_start)
    servo_power_init                         0x08001575   Thumb Code     2  hal_gpio_ctrl.o(i.servo_power_init)
    servo_pwm_init                           0x0800178d   Thumb Code     2  hal_gpio_ctrl.o(i.servo_pwm_init)
    timer_auto_reload_shadow_enable          0x0800192d   Thumb Code    10  gd32f10x_timer.o(i.timer_auto_reload_shadow_enable)
    timer_channel_output_config              0x08001939   Thumb Code   484  gd32f10x_timer.o(i.timer_channel_output_config)
    timer_channel_output_mode_config         0x08001b25   Thumb Code    90  gd32f10x_timer.o(i.timer_channel_output_mode_config)
    timer_channel_output_pulse_value_config  0x08001b7f   Thumb Code    38  gd32f10x_timer.o(i.timer_channel_output_pulse_value_config)
    timer_deinit                             0x08001ba5   Thumb Code   210  gd32f10x_timer.o(i.timer_deinit)
    timer_enable                             0x08001c81   Thumb Code    10  gd32f10x_timer.o(i.timer_enable)
    timer_init                               0x08001c8d   Thumb Code   158  gd32f10x_timer.o(i.timer_init)
    timer_interrupt_flag_clear               0x08001d61   Thumb Code     8  gd32f10x_timer.o(i.timer_interrupt_flag_clear)
    timer_interrupt_flag_get                 0x08001d69   Thumb Code    24  gd32f10x_timer.o(i.timer_interrupt_flag_get)
    uart_gpio_init                           0x08001d81   Thumb Code     2  hal_gpio_ctrl.o(i.uart_gpio_init)
    usart_baudrate_set                       0x08001d85   Thumb Code   136  gd32f10x_usart.o(i.usart_baudrate_set)
    usart_data_receive                       0x08001e15   Thumb Code    10  gd32f10x_usart.o(i.usart_data_receive)
    usart_data_transmit                      0x08001e1f   Thumb Code     8  gd32f10x_usart.o(i.usart_data_transmit)
    usart_deinit                             0x08001e29   Thumb Code   136  gd32f10x_usart.o(i.usart_deinit)
    usart_dma_receive_config                 0x08001eb9   Thumb Code    16  gd32f10x_usart.o(i.usart_dma_receive_config)
    usart_dma_transmit_config                0x08001ef9   Thumb Code    16  gd32f10x_usart.o(i.usart_dma_transmit_config)
    usart_enable                             0x08001f39   Thumb Code    10  gd32f10x_usart.o(i.usart_enable)
    usart_flag_get                           0x08001f43   Thumb Code    30  gd32f10x_usart.o(i.usart_flag_get)
    usart_interrupt_enable                   0x08001f61   Thumb Code    26  gd32f10x_usart.o(i.usart_interrupt_enable)
    usart_interrupt_flag_clear               0x08001f7b   Thumb Code    26  gd32f10x_usart.o(i.usart_interrupt_flag_clear)
    usart_parity_config                      0x08001f95   Thumb Code    16  gd32f10x_usart.o(i.usart_parity_config)
    usart_receive_config                     0x08001fa5   Thumb Code    16  gd32f10x_usart.o(i.usart_receive_config)
    usart_stop_bit_set                       0x08001fb5   Thumb Code    16  gd32f10x_usart.o(i.usart_stop_bit_set)
    usart_transmit_config                    0x08001fc5   Thumb Code    16  gd32f10x_usart.o(i.usart_transmit_config)
    usart_word_length_set                    0x08001fd5   Thumb Code    16  gd32f10x_usart.o(i.usart_word_length_set)
    usuart_send                              0x080023d9   Thumb Code   320  hal_uart_ctrl.o(i.usuart_send)
    uxListRemove                             0x0800251d   Thumb Code    40  list.o(i.uxListRemove)
    vListInitialise                          0x08002545   Thumb Code    26  list.o(i.vListInitialise)
    vListInitialiseItem                      0x0800255f   Thumb Code     6  list.o(i.vListInitialiseItem)
    vListInsert                              0x08002565   Thumb Code    52  list.o(i.vListInsert)
    vListInsertEnd                           0x08002599   Thumb Code    24  list.o(i.vListInsertEnd)
    vPortEnterCritical                       0x080025b1   Thumb Code    58  port.o(i.vPortEnterCritical)
    vPortExitCritical                        0x080025f5   Thumb Code    40  port.o(i.vPortExitCritical)
    vPortFree                                0x08002621   Thumb Code    56  heap_2.o(i.vPortFree)
    vPortSetupTimerInterrupt                 0x08002661   Thumb Code    26  port.o(i.vPortSetupTimerInterrupt)
    vPortValidateInterruptPriority           0x08002681   Thumb Code    78  port.o(i.vPortValidateInterruptPriority)
    vPortYield                               0x080026dd   Thumb Code    18  port.o(i.vPortYield)
    vQueueAddToRegistry                      0x080026f5   Thumb Code    38  queue.o(i.vQueueAddToRegistry)
    vQueueWaitForMessageRestricted           0x08002721   Thumb Code    66  queue.o(i.vQueueWaitForMessageRestricted)
    vTaskDelay                               0x08002765   Thumb Code    94  tasks.o(i.vTaskDelay)
    vTaskMissedYield                         0x08002805   Thumb Code     8  tasks.o(i.vTaskMissedYield)
    vTaskPlaceOnEventList                    0x08002811   Thumb Code    94  tasks.o(i.vTaskPlaceOnEventList)
    vTaskPlaceOnEventListRestricted          0x08002881   Thumb Code   100  tasks.o(i.vTaskPlaceOnEventListRestricted)
    vTaskPriorityInherit                     0x080028f5   Thumb Code   164  tasks.o(i.vTaskPriorityInherit)
    vTaskSetTimeOutState                     0x080029a5   Thumb Code    28  tasks.o(i.vTaskSetTimeOutState)
    vTaskStartScheduler                      0x080029c9   Thumb Code    80  tasks.o(i.vTaskStartScheduler)
    vTaskSuspendAll                          0x08002a31   Thumb Code    12  tasks.o(i.vTaskSuspendAll)
    vTaskSwitchContext                       0x08002a41   Thumb Code   106  tasks.o(i.vTaskSwitchContext)
    vTimerCallback                           0x08002ac1   Thumb Code    40  hal_it_ctrl.o(i.vTimerCallback)
    xPortStartScheduler                      0x08002ae9   Thumb Code   140  port.o(i.xPortStartScheduler)
    xQueueGenericCreate                      0x08002b89   Thumb Code   106  queue.o(i.xQueueGenericCreate)
    xQueueGenericReceive                     0x08002bf3   Thumb Code   346  queue.o(i.xQueueGenericReceive)
    xQueueGenericReset                       0x08002d4d   Thumb Code   120  queue.o(i.xQueueGenericReset)
    xQueueGenericSend                        0x08002dc5   Thumb Code   322  queue.o(i.xQueueGenericSend)
    xQueueGenericSendFromISR                 0x08002f07   Thumb Code   172  queue.o(i.xQueueGenericSendFromISR)
    xTaskCheckForTimeOut                     0x08002fb5   Thumb Code   108  tasks.o(i.xTaskCheckForTimeOut)
    xTaskGenericCreate                       0x08003029   Thumb Code   288  tasks.o(i.xTaskGenericCreate)
    xTaskGetSchedulerState                   0x08003161   Thumb Code    24  tasks.o(i.xTaskGetSchedulerState)
    xTaskGetTickCount                        0x08003181   Thumb Code     6  tasks.o(i.xTaskGetTickCount)
    xTaskIncrementTick                       0x0800318d   Thumb Code   272  tasks.o(i.xTaskIncrementTick)
    xTaskPriorityDisinherit                  0x080032c9   Thumb Code   160  tasks.o(i.xTaskPriorityDisinherit)
    xTaskRemoveFromEventList                 0x08003375   Thumb Code   114  tasks.o(i.xTaskRemoveFromEventList)
    xTaskResumeAll                           0x08003401   Thumb Code   200  tasks.o(i.xTaskResumeAll)
    xTimerCreate                             0x080034e9   Thumb Code    80  timers.o(i.xTimerCreate)
    xTimerCreateTimerTask                    0x08003539   Thumb Code    58  timers.o(i.xTimerCreateTimerTask)
    xTimerGenericCommand                     0x08003585   Thumb Code   112  timers.o(i.xTimerGenericCommand)
    Region$$Table$$Base                      0x08003620   Number         0  anon$$obj.o(Region$$Table)
    Region$$Table$$Limit                     0x08003640   Number         0  anon$$obj.o(Region$$Table)
    pcTextForTask1                           0x20000000   Data           4  main.o(.data)
    pcTextForTask2                           0x20000004   Data           4  main.o(.data)
    debugData                                0x20000010   Data          16  main.o(.data)
    wtick                                    0x20000020   Data           4  gd32f10x_hal.o(.data)
    SystemCoreClock                          0x20000024   Data           4  system_gd32f10x.o(.data)
    pxCurrentTCB                             0x200000a8   Data           4  tasks.o(.data)
    ledCtrl                                  0x20000114   Data           8  hal_gpio_ctrl.o(.data)
    cmdLen                                   0x2000011c   Data           2  hal_rs485_ctrl.o(.data)
    bRecvFlg                                 0x2000011e   Data           1  hal_rs485_ctrl.o(.data)
    recvData                                 0x2000011f   Data           1  hal_rs485_ctrl.o(.data)
    rxbuffer                                 0x20000120   Data           1  hal_it_ctrl.o(.data)
    xQueueRegistry                           0x20000124   Data          64  queue.o(.bss)
    uart                                     0x20007a90   Data        2920  hal_uart_ctrl.o(.bss)
    timer                                    0x200085f8   Data         140  hal_timer_ctrl.o(.bss)
    servo                                    0x20008684   Data         180  hal_pwm_ctrl.o(.bss)
    cmdLine                                  0x20008748   Data          64  hal_rs485_ctrl.o(.bss)
    recvLine                                 0x20008788   Data          64  hal_rs485_ctrl.o(.bss)
    ack                                      0x200087c8   Data          12  hal_rs485_ctrl.o(.bss)
    __initial_sp                             0x2000a7d8   Data           0  startup_gd32f10x_hd.o(STACK)



==============================================================================

Memory Map of the image

  Image Entry point : 0x08000131

  Load Region LR_IROM1 (Base: 0x08000000, Size: 0x00003764, Max: 0x00040000, ABSOLUTE)

    Execution Region ER_IROM1 (Base: 0x08000000, Size: 0x00003640, Max: 0x00040000, ABSOLUTE)

    Base Addr    Size         Type   Attr      Idx    E Section Name        Object

    0x08000000   0x00000130   Data   RO         4845    RESET               startup_gd32f10x_hd.o
    0x08000130   0x00000000   Code   RO         5651  * .ARM.Collect$$$$00000000  mc_w.l(entry.o)
    0x08000130   0x00000004   Code   RO         5935    .ARM.Collect$$$$00000001  mc_w.l(entry2.o)
    0x08000134   0x00000004   Code   RO         5938    .ARM.Collect$$$$00000004  mc_w.l(entry5.o)
    0x08000138   0x00000000   Code   RO         5940    .ARM.Collect$$$$00000008  mc_w.l(entry7b.o)
    0x08000138   0x00000000   Code   RO         5942    .ARM.Collect$$$$0000000A  mc_w.l(entry8b.o)
    0x08000138   0x00000008   Code   RO         5943    .ARM.Collect$$$$0000000B  mc_w.l(entry9a.o)
    0x08000140   0x00000000   Code   RO         5945    .ARM.Collect$$$$0000000D  mc_w.l(entry10a.o)
    0x08000140   0x00000000   Code   RO         5947    .ARM.Collect$$$$0000000F  mc_w.l(entry11a.o)
    0x08000140   0x00000004   Code   RO         5936    .ARM.Collect$$$$00002712  mc_w.l(entry2.o)
    0x08000144   0x000000a2   Code   RO         4734    .emb_text           port.o
    0x080001e6   0x00000002   PAD
    0x080001e8   0x00000024   Code   RO         4846    .text               startup_gd32f10x_hd.o
    0x0800020c   0x00000024   Code   RO         5654    .text               mc_w.l(memcpya.o)
    0x08000230   0x00000024   Code   RO         5656    .text               mc_w.l(memseta.o)
    0x08000254   0x00000012   Code   RO         5658    .text               mc_w.l(strcpy.o)
    0x08000266   0x00000002   PAD
    0x08000268   0x00000024   Code   RO         5967    .text               mc_w.l(init.o)
    0x0800028c   0x00000004   Code   RO          309    i.BusFault_Handler  gd32f10x_it.o
    0x08000290   0x00000002   Code   RO          310    i.DebugMon_Handler  gd32f10x_it.o
    0x08000292   0x00000002   PAD
    0x08000294   0x0000000c   Code   RO          421    i.HAL_GetTick       gd32f10x_hal.o
    0x080002a0   0x00000010   Code   RO          422    i.HAL_IncTick       gd32f10x_hal.o
    0x080002b0   0x00000004   Code   RO          312    i.HardFault_Handler  gd32f10x_it.o
    0x080002b4   0x00000004   Code   RO          313    i.MemManage_Handler  gd32f10x_it.o
    0x080002b8   0x00000002   Code   RO          314    i.NMI_Handler       gd32f10x_it.o
    0x080002ba   0x00000002   PAD
    0x080002bc   0x00000020   Code   RO         4735    i.SysTick_Handler   port.o
    0x080002dc   0x00000064   Code   RO          456    i.SystemInit        system_gd32f10x.o
    0x08000340   0x00000002   Code   RO          315    i.TIMER1_IRQHandler  gd32f10x_it.o
    0x08000342   0x00000002   Code   RO          316    i.TIMER2_IRQHandler  gd32f10x_it.o
    0x08000344   0x00000002   Code   RO          317    i.TIMER3_IRQHandler  gd32f10x_it.o
    0x08000346   0x00000002   PAD
    0x08000348   0x0000001c   Code   RO         5059    i.TIMER4_IRQHandler  hal_timer_ctrl.o
    0x08000364   0x00000002   Code   RO          318    i.TIMER5_IRQHandler  gd32f10x_it.o
    0x08000366   0x00000002   PAD
    0x08000368   0x00000028   Code   RO         5579    i.UART3_IRQHandler  hal_it_ctrl.o
    0x08000390   0x00000028   Code   RO         5435    i.UART4_IRQHandler  hal_rs485_ctrl.o
    0x080003b8   0x00000098   Code   RO         4852    i.UART_WaitOnFlagUntilTimeout  hal_uart_ctrl.o
    0x08000450   0x00000024   Code   RO         4853    i.USART0_IRQHandler  hal_uart_ctrl.o
    0x08000474   0x00000028   Code   RO         5580    i.USART1_IRQHandler  hal_it_ctrl.o
    0x0800049c   0x00000028   Code   RO         5581    i.USART2_IRQHandler  hal_it_ctrl.o
    0x080004c4   0x00000004   Code   RO          319    i.UsageFault_Handler  gd32f10x_it.o
    0x080004c8   0x0000000e   Code   RO         5979    i.__scatterload_copy  mc_w.l(handlers.o)
    0x080004d6   0x00000002   Code   RO         5980    i.__scatterload_null  mc_w.l(handlers.o)
    0x080004d8   0x0000000e   Code   RO         5981    i.__scatterload_zeroinit  mc_w.l(handlers.o)
    0x080004e6   0x00000002   Code   RO         4977    i.blight_gpio_init  hal_gpio_ctrl.o
    0x080004e8   0x00000070   Code   RO         1284    i.dma_deinit        gd32f10x_dma.o
    0x08000558   0x00000018   Code   RO         1299    i.dma_periph_and_channel_check  gd32f10x_dma.o
    0x08000570   0x00000038   Code   RO         3965    i.gd_eval_led_toggle  gd32f107c_eval.o
    0x080005a8   0x00000004   Code   RO         1976    i.gpio_bit_reset    gd32f10x_gpio.o
    0x080005ac   0x00000004   Code   RO         1977    i.gpio_bit_set      gd32f10x_gpio.o
    0x080005b0   0x0000000a   Code   RO         1978    i.gpio_bit_write    gd32f10x_gpio.o
    0x080005ba   0x00000094   Code   RO         1984    i.gpio_init         gd32f10x_gpio.o
    0x0800064e   0x00000010   Code   RO         1985    i.gpio_input_bit_get  gd32f10x_gpio.o
    0x0800065e   0x0000002c   Code   RO         4979    i.hal_clk_init      hal_gpio_ctrl.o
    0x0800068a   0x0000001c   Code   RO         4980    i.hal_gpio_init     hal_gpio_ctrl.o
    0x080006a6   0x00000002   PAD
    0x080006a8   0x0000005c   Code   RO         5288    i.hal_pwm_init      hal_pwm_ctrl.o
    0x08000704   0x0000002c   Code   RO         5438    i.hal_rs485_init    hal_rs485_ctrl.o
    0x08000730   0x00000008   Code   RO         5064    i.hal_timer_init    hal_timer_ctrl.o
    0x08000738   0x00000022   Code   RO         4854    i.hal_usuart_init   hal_uart_ctrl.o
    0x0800075a   0x00000002   PAD
    0x0800075c   0x00000028   Code   RO         4981    i.led_gpio_init     hal_gpio_ctrl.o
    0x08000784   0x00000048   Code   RO         4984    i.led_on_off        hal_gpio_ctrl.o
    0x080007cc   0x000000ec   Code   RO            4    i.main              main.o
    0x080008b8   0x000000a4   Code   RO         2286    i.nvic_irq_enable   gd32f10x_misc.o
    0x0800095c   0x00000014   Code   RO         2287    i.nvic_priority_group_set  gd32f10x_misc.o
    0x08000970   0x00000054   Code   RO         4318    i.prvAddCurrentTaskToDelayedList  tasks.o
    0x080009c4   0x00000042   Code   RO         4319    i.prvAllocateTCBAndStack  tasks.o
    0x08000a06   0x00000002   PAD
    0x08000a08   0x00000074   Code   RO         4639    i.prvCheckForValidListAndQueue  timers.o
    0x08000a7c   0x00000064   Code   RO         4320    i.prvCheckTasksWaitingTermination  tasks.o
    0x08000ae0   0x0000002a   Code   RO         4137    i.prvCopyDataFromQueue  queue.o
    0x08000b0a   0x00000080   Code   RO         4138    i.prvCopyDataToQueue  queue.o
    0x08000b8a   0x00000012   Code   RO         4321    i.prvDeleteTCB      tasks.o
    0x08000b9c   0x00000028   Code   RO         4640    i.prvGetNextExpireTime  timers.o
    0x08000bc4   0x00000038   Code   RO         4805    i.prvHeapInit       heap_2.o
    0x08000bfc   0x00000018   Code   RO         4322    i.prvIdleTask       tasks.o
    0x08000c14   0x00000062   Code   RO         4323    i.prvInitialiseTCBVariables  tasks.o
    0x08000c76   0x00000002   PAD
    0x08000c78   0x00000068   Code   RO         4324    i.prvInitialiseTaskLists  tasks.o
    0x08000ce0   0x00000058   Code   RO         4641    i.prvInsertTimerInActiveList  timers.o
    0x08000d38   0x0000001a   Code   RO         4139    i.prvIsQueueEmpty   queue.o
    0x08000d52   0x0000001e   Code   RO         4140    i.prvIsQueueFull    queue.o
    0x08000d70   0x00000058   Code   RO         4642    i.prvProcessExpiredTimer  timers.o
    0x08000dc8   0x000000dc   Code   RO         4643    i.prvProcessReceivedCommands  timers.o
    0x08000ea4   0x00000064   Code   RO         4644    i.prvProcessTimerOrBlockTask  timers.o
    0x08000f08   0x00000034   Code   RO         4326    i.prvResetNextTaskUnblockTime  tasks.o
    0x08000f3c   0x0000002c   Code   RO         4645    i.prvSampleTimeNow  timers.o
    0x08000f68   0x00000090   Code   RO         4646    i.prvSwitchTimerLists  timers.o
    0x08000ff8   0x00000024   Code   RO         4736    i.prvTaskExitError  port.o
    0x0800101c   0x0000001a   Code   RO         4647    i.prvTimerTask      timers.o
    0x08001036   0x0000007e   Code   RO         4141    i.prvUnlockQueue    queue.o
    0x080010b4   0x000000b8   Code   RO         4806    i.pvPortMalloc      heap_2.o
    0x0800116c   0x00000020   Code   RO         4329    i.pvTaskIncrementMutexHeldCount  tasks.o
    0x0800118c   0x0000001e   Code   RO         4648    i.pvTimerGetTimerID  timers.o
    0x080011aa   0x00000002   PAD
    0x080011ac   0x00000020   Code   RO         4737    i.pxPortInitialiseStack  port.o
    0x080011cc   0x00000124   Code   RO         2435    i.rcu_clock_freq_get  gd32f10x_rcu.o
    0x080012f0   0x00000020   Code   RO         2452    i.rcu_periph_clock_enable  gd32f10x_rcu.o
    0x08001310   0x00000020   Code   RO         2455    i.rcu_periph_reset_disable  gd32f10x_rcu.o
    0x08001330   0x00000020   Code   RO         2456    i.rcu_periph_reset_enable  gd32f10x_rcu.o
    0x08001350   0x0000002c   Code   RO         5442    i.rs485_checkodd    hal_rs485_ctrl.o
    0x0800137c   0x000000f4   Code   RO         5445    i.rs485_parseRecv   hal_rs485_ctrl.o
    0x08001470   0x00000010   Code   RO         5449    i.rs485_recv_enable  hal_rs485_ctrl.o
    0x08001480   0x00000078   Code   RO         5065    i.rtos_timer_init   hal_timer_ctrl.o
    0x080014f8   0x0000007c   Code   RO         5066    i.rtos_timer_start  hal_timer_ctrl.o
    0x08001574   0x00000002   Code   RO         4985    i.servo_power_init  hal_gpio_ctrl.o
    0x08001576   0x00000002   PAD
    0x08001578   0x00000010   Code   RO         5296    i.servo_power_on    hal_pwm_ctrl.o
    0x08001588   0x00000204   Code   RO         5297    i.servo_pwm_def     hal_pwm_ctrl.o
    0x0800178c   0x00000002   Code   RO         4986    i.servo_pwm_init    hal_gpio_ctrl.o
    0x0800178e   0x00000002   PAD
    0x08001790   0x00000098   Code   RO         5298    i.servo_pwm_init    hal_pwm_ctrl.o
    0x08001828   0x00000038   Code   RO         5308    i.servo_timer_init  hal_pwm_ctrl.o
    0x08001860   0x000000c4   Code   RO          457    i.system_clock_108m_hxtal  system_gd32f10x.o
    0x08001924   0x00000008   Code   RO          458    i.system_clock_config  system_gd32f10x.o
    0x0800192c   0x0000000a   Code   RO         3228    i.timer_auto_reload_shadow_enable  gd32f10x_timer.o
    0x08001936   0x00000002   PAD
    0x08001938   0x000001ec   Code   RO         3243    i.timer_channel_output_config  gd32f10x_timer.o
    0x08001b24   0x0000005a   Code   RO         3245    i.timer_channel_output_mode_config  gd32f10x_timer.o
    0x08001b7e   0x00000026   Code   RO         3247    i.timer_channel_output_pulse_value_config  gd32f10x_timer.o
    0x08001ba4   0x000000dc   Code   RO         3255    i.timer_deinit      gd32f10x_timer.o
    0x08001c80   0x0000000a   Code   RO         3260    i.timer_enable      gd32f10x_timer.o
    0x08001c8a   0x00000002   PAD
    0x08001c8c   0x000000d4   Code   RO         3270    i.timer_init        gd32f10x_timer.o
    0x08001d60   0x00000008   Code   RO         3278    i.timer_interrupt_flag_clear  gd32f10x_timer.o
    0x08001d68   0x00000018   Code   RO         3279    i.timer_interrupt_flag_get  gd32f10x_timer.o
    0x08001d80   0x00000002   Code   RO         4987    i.uart_gpio_init    hal_gpio_ctrl.o
    0x08001d82   0x00000002   PAD
    0x08001d84   0x00000090   Code   RO         3632    i.usart_baudrate_set  gd32f10x_usart.o
    0x08001e14   0x0000000a   Code   RO         3633    i.usart_data_receive  gd32f10x_usart.o
    0x08001e1e   0x00000008   Code   RO         3634    i.usart_data_transmit  gd32f10x_usart.o
    0x08001e26   0x00000002   PAD
    0x08001e28   0x00000090   Code   RO         3635    i.usart_deinit      gd32f10x_usart.o
    0x08001eb8   0x00000010   Code   RO         3637    i.usart_dma_receive_config  gd32f10x_usart.o
    0x08001ec8   0x00000030   Code   RO         4855    i.usart_dma_rx_init  hal_uart_ctrl.o
    0x08001ef8   0x00000010   Code   RO         3638    i.usart_dma_transmit_config  gd32f10x_usart.o
    0x08001f08   0x00000030   Code   RO         4856    i.usart_dma_tx_init  hal_uart_ctrl.o
    0x08001f38   0x0000000a   Code   RO         3639    i.usart_enable      gd32f10x_usart.o
    0x08001f42   0x0000001e   Code   RO         3641    i.usart_flag_get    gd32f10x_usart.o
    0x08001f60   0x0000001a   Code   RO         3648    i.usart_interrupt_enable  gd32f10x_usart.o
    0x08001f7a   0x0000001a   Code   RO         3649    i.usart_interrupt_flag_clear  gd32f10x_usart.o
    0x08001f94   0x00000010   Code   RO         3660    i.usart_parity_config  gd32f10x_usart.o
    0x08001fa4   0x00000010   Code   RO         3662    i.usart_receive_config  gd32f10x_usart.o
    0x08001fb4   0x00000010   Code   RO         3668    i.usart_stop_bit_set  gd32f10x_usart.o
    0x08001fc4   0x00000010   Code   RO         3672    i.usart_transmit_config  gd32f10x_usart.o
    0x08001fd4   0x00000010   Code   RO         3673    i.usart_word_length_set  gd32f10x_usart.o
    0x08001fe4   0x00000194   Code   RO         4858    i.usuart_ctrlCfg    hal_uart_ctrl.o
    0x08002178   0x00000260   Code   RO         4859    i.usuart_defInit    hal_uart_ctrl.o
    0x080023d8   0x00000144   Code   RO         4864    i.usuart_send       hal_uart_ctrl.o
    0x0800251c   0x00000028   Code   RO         4101    i.uxListRemove      list.o
    0x08002544   0x0000001a   Code   RO         4102    i.vListInitialise   list.o
    0x0800255e   0x00000006   Code   RO         4103    i.vListInitialiseItem  list.o
    0x08002564   0x00000034   Code   RO         4104    i.vListInsert       list.o
    0x08002598   0x00000018   Code   RO         4105    i.vListInsertEnd    list.o
    0x080025b0   0x00000044   Code   RO         4739    i.vPortEnterCritical  port.o
    0x080025f4   0x0000002c   Code   RO         4740    i.vPortExitCritical  port.o
    0x08002620   0x00000040   Code   RO         4807    i.vPortFree         heap_2.o
    0x08002660   0x00000020   Code   RO         4741    i.vPortSetupTimerInterrupt  port.o
    0x08002680   0x0000005c   Code   RO         4742    i.vPortValidateInterruptPriority  port.o
    0x080026dc   0x00000018   Code   RO         4743    i.vPortYield        port.o
    0x080026f4   0x0000002c   Code   RO         4147    i.vQueueAddToRegistry  queue.o
    0x08002720   0x00000042   Code   RO         4151    i.vQueueWaitForMessageRestricted  queue.o
    0x08002762   0x00000002   PAD
    0x08002764   0x00000070   Code   RO         4337    i.vTaskDelay        tasks.o
    0x080027d4   0x00000020   Code   RO            6    i.vTaskLED1         main.o
    0x080027f4   0x00000010   Code   RO            7    i.vTaskLED2         main.o
    0x08002804   0x0000000c   Code   RO         4341    i.vTaskMissedYield  tasks.o
    0x08002810   0x00000070   Code   RO         4343    i.vTaskPlaceOnEventList  tasks.o
    0x08002880   0x00000074   Code   RO         4344    i.vTaskPlaceOnEventListRestricted  tasks.o
    0x080028f4   0x000000b0   Code   RO         4346    i.vTaskPriorityInherit  tasks.o
    0x080029a4   0x00000024   Code   RO         4350    i.vTaskSetTimeOutState  tasks.o
    0x080029c8   0x00000068   Code   RO         4351    i.vTaskStartScheduler  tasks.o
    0x08002a30   0x00000010   Code   RO         4353    i.vTaskSuspendAll   tasks.o
    0x08002a40   0x00000080   Code   RO         4354    i.vTaskSwitchContext  tasks.o
    0x08002ac0   0x00000028   Code   RO         5582    i.vTimerCallback    hal_it_ctrl.o
    0x08002ae8   0x000000a0   Code   RO         4744    i.xPortStartScheduler  port.o
    0x08002b88   0x0000006a   Code   RO         4154    i.xQueueGenericCreate  queue.o
    0x08002bf2   0x0000015a   Code   RO         4155    i.xQueueGenericReceive  queue.o
    0x08002d4c   0x00000078   Code   RO         4156    i.xQueueGenericReset  queue.o
    0x08002dc4   0x00000142   Code   RO         4157    i.xQueueGenericSend  queue.o
    0x08002f06   0x000000ac   Code   RO         4158    i.xQueueGenericSendFromISR  queue.o
    0x08002fb2   0x00000002   PAD
    0x08002fb4   0x00000074   Code   RO         4355    i.xTaskCheckForTimeOut  tasks.o
    0x08003028   0x00000138   Code   RO         4356    i.xTaskGenericCreate  tasks.o
    0x08003160   0x00000020   Code   RO         4360    i.xTaskGetSchedulerState  tasks.o
    0x08003180   0x0000000c   Code   RO         4361    i.xTaskGetTickCount  tasks.o
    0x0800318c   0x0000013c   Code   RO         4363    i.xTaskIncrementTick  tasks.o
    0x080032c8   0x000000ac   Code   RO         4366    i.xTaskPriorityDisinherit  tasks.o
    0x08003374   0x0000008c   Code   RO         4367    i.xTaskRemoveFromEventList  tasks.o
    0x08003400   0x000000e8   Code   RO         4369    i.xTaskResumeAll    tasks.o
    0x080034e8   0x00000050   Code   RO         4650    i.xTimerCreate      timers.o
    0x08003538   0x0000004c   Code   RO         4651    i.xTimerCreateTimerTask  timers.o
    0x08003584   0x00000074   Code   RO         4652    i.xTimerGenericCommand  timers.o
    0x080035f8   0x00000028   Data   RO            8    .conststring        main.o
    0x08003620   0x00000020   Data   RO         5977    Region$$Table       anon$$obj.o


    Execution Region RW_IRAM1 (Base: 0x20000000, Size: 0x0000a7d8, Max: 0x0000c000, ABSOLUTE)

    Base Addr    Size         Type   Attr      Idx    E Section Name        Object

    0x20000000   0x00000020   Data   RW            9    .data               main.o
    0x20000020   0x00000004   Data   RW          423    .data               gd32f10x_hal.o
    0x20000024   0x00000004   Data   RW          459    .data               system_gd32f10x.o
    0x20000028   0x0000007d   Data   RW         3966    .data               gd32f107c_eval.o
    0x200000a5   0x00000003   PAD
    0x200000a8   0x00000038   Data   RW         4372    .data               tasks.o
    0x200000e0   0x00000010   Data   RW         4655    .data               timers.o
    0x200000f0   0x0000000c   Data   RW         4745    .data               port.o
    0x200000fc   0x00000018   Data   RW         4811    .data               heap_2.o
    0x20000114   0x00000008   Data   RW         4988    .data               hal_gpio_ctrl.o
    0x2000011c   0x00000004   Data   RW         5453    .data               hal_rs485_ctrl.o
    0x20000120   0x00000001   Data   RW         5583    .data               hal_it_ctrl.o
    0x20000121   0x00000003   PAD
    0x20000124   0x00000040   Zero   RW         4166    .bss                queue.o
    0x20000164   0x00000104   Zero   RW         4371    .bss                tasks.o
    0x20000268   0x00000028   Zero   RW         4654    .bss                timers.o
    0x20000290   0x00007800   Zero   RW         4810    .bss                heap_2.o
    0x20007a90   0x00000b68   Zero   RW         4865    .bss                hal_uart_ctrl.o
    0x200085f8   0x0000008c   Zero   RW         5068    .bss                hal_timer_ctrl.o
    0x20008684   0x000000c4   Zero   RW         5311    .bss                hal_pwm_ctrl.o
    0x20008748   0x0000008c   Zero   RW         5452    .bss                hal_rs485_ctrl.o
    0x200087d4   0x00000004   PAD
    0x200087d8   0x00002000   Zero   RW         4843    STACK               startup_gd32f10x_hd.o


==============================================================================

Image component sizes


      Code (inc. data)   RO Data    RW Data    ZI Data      Debug   Object Name

        56         10          0        125          0       1509   gd32f107c_eval.o
       136          6          0          0          0       1277   gd32f10x_dma.o
         0          0          0          0          0       1452   gd32f10x_enet.o
       182          0          0          0          0       3322   gd32f10x_gpio.o
        28         10          0          4          0       1336   gd32f10x_hal.o
        28          0          0          0          0       4033   gd32f10x_it.o
       184         18          0          0          0       1400   gd32f10x_misc.o
       388         40          0          0          0       2876   gd32f10x_rcu.o
      1104         72          0          0          0       6620   gd32f10x_timer.o
       510         16          0          0          0       9478   gd32f10x_usart.o
       192         16          0          8          0       3651   hal_gpio_ctrl.o
       160         24          0          1          0       2139   hal_it_ctrl.o
       832         38          0          0        196       3043   hal_pwm_ctrl.o
       388         46          0          4        140       3277   hal_rs485_ctrl.o
       280         30          0          0        140       2552   hal_timer_ctrl.o
      1654         92          0          0       2920       8691   hal_uart_ctrl.o
       304         40          0         24      30720       3611   heap_2.o
       148          0          0          0          0       3138   list.o
       284         58         40         32          0     110199   main.o
       682         86          0         12          0       7966   port.o
      1528          6          0          0         64      11073   queue.o
        36          8        304          0       8192        852   startup_gd32f10x_hd.o
       304         30          0          4          0       1879   system_gd32f10x.o
      2722        376          0         56        260      19768   tasks.o
      1168        106          0         16         40       9958   timers.o

    ----------------------------------------------------------------------
     13334       1128        376        292      42676     225100   Object Totals
         0          0         32          0          0          0   (incl. Generated)
        36          0          0          6          4          0   (incl. Padding)

    ----------------------------------------------------------------------

      Code (inc. data)   RO Data    RW Data    ZI Data      Debug   Library Member Name

         0          0          0          0          0          0   entry.o
         0          0          0          0          0          0   entry10a.o
         0          0          0          0          0          0   entry11a.o
         8          4          0          0          0          0   entry2.o
         4          0          0          0          0          0   entry5.o
         0          0          0          0          0          0   entry7b.o
         0          0          0          0          0          0   entry8b.o
         8          4          0          0          0          0   entry9a.o
        30          0          0          0          0          0   handlers.o
        36          8          0          0          0         68   init.o
        36          0          0          0          0         68   memcpya.o
        36          0          0          0          0        108   memseta.o
        18          0          0          0          0         68   strcpy.o

    ----------------------------------------------------------------------
       178         16          0          0          0        312   Library Totals
         2          0          0          0          0          0   (incl. Padding)

    ----------------------------------------------------------------------

      Code (inc. data)   RO Data    RW Data    ZI Data      Debug   Library Name

       176         16          0          0          0        312   mc_w.l

    ----------------------------------------------------------------------
       178         16          0          0          0        312   Library Totals

    ----------------------------------------------------------------------

==============================================================================


      Code (inc. data)   RO Data    RW Data    ZI Data      Debug   

     13512       1144        376        292      42676     217452   Grand Totals
     13512       1144        376        292      42676     217452   ELF Image Totals
     13512       1144        376        292          0          0   ROM Totals

==============================================================================

    Total RO  Size (Code + RO Data)                13888 (  13.56kB)
    Total RW  Size (RW Data + ZI Data)             42968 (  41.96kB)
    Total ROM Size (Code + RO Data + RW Data)      14180 (  13.85kB)

==============================================================================

