<html>
<body>
<pre>
<h1>µVision Build Log</h1>
<h2>Tool Versions:</h2>
IDE-Version: ¦ÌVision V5.17.0.0
Copyright (C) 2015 ARM Ltd and ARM Germany GmbH. All rights reserved.
License Information: hu Administrator, yydrobot, LIC=KRMZ9-4LQHX-Z9KG9-4DSKZ-DIAFH-7A58X
 
Tool Versions:
Toolchain:       MDK-ARM Standard  Version: 5.17
Toolchain Path:  C:\Keil_v5\ARM\ARMCC\Bin
C Compiler:      Armcc.exe V5.06 update 1 (build 61)
Assembler:       Armasm.exe V5.06 update 1 (build 61)
Linker/Locator:  ArmLink.exe V5.06 update 1 (build 61)
Library Manager: ArmAr.exe V5.06 update 1 (build 61)
Hex Converter:   FromElf.exe V5.06 update 1 (build 61)
CPU DLL:         SARMCM3.DLL V5.17
Dialog DLL:      DCM.DLL V1.13.4.0
Target DLL:      Segger\JL2CM3.dll V2.99.16.0
Dialog DLL:      TCM.DLL V1.14.6.0
 
<h2>Project:</h2>
E:\SoftHand-»úÐµ±Û\Proj\mainCtrl\MDK-ARM\GD32107C_EVAL.uvproj
Project File Date:  01/30/2018

<h2>Output:</h2>
*** Using Compiler 'V5.06 update 1 (build 61)', folder: 'C:\Keil_v5\ARM\ARMCC\Bin'
Rebuild target 'GD32107C_EVAL'
compiling gd32f10x_hal.c...
compiling system_gd32f10x.c...
compiling gd32f10x_it.c...
compiling gd32f10x_bkp.c...
compiling gd32f10x_can.c...
compiling gd32f10x_adc.c...
compiling main.c...
compiling gd32f10x_crc.c...
compiling gd32f10x_dbg.c...
compiling gd32f10x_dac.c...
compiling gd32f10x_dma.c...
compiling gd32f10x_enet.c...
compiling gd32f10x_exti.c...
compiling gd32f10x_exmc.c...
compiling gd32f10x_fmc.c...
compiling gd32f10x_gpio.c...
compiling gd32f10x_fwdgt.c...
compiling gd32f10x_pmu.c...
compiling gd32f10x_rcu.c...
compiling gd32f10x_i2c.c...
compiling gd32f10x_misc.c...
compiling gd32f10x_sdio.c...
compiling gd32f10x_rtc.c...
compiling gd32f10x_spi.c...
compiling gd32f10x_timer.c...
compiling gd32f10x_usart.c...
compiling gd32f10x_wwdgt.c...
compiling gd32f107c_eval.c...
compiling croutine.c...
compiling event_groups.c...
compiling list.c...
compiling queue.c...
compiling timers.c...
compiling port.c...
compiling tasks.c...
assembling startup_gd32f10x_hd.s...
compiling heap_2.c...
compiling hal_servo_ctrl.c...
compiling hal_gpio_ctrl.c...
compiling hal_breath_light.c...
compiling hal_uart_ctrl.c...
..\src\y138\hal_uart_ctrl.c(151): warning:  #177-D: variable "param" was declared but never referenced
        dma_parameter_struct param;
..\src\y138\hal_uart_ctrl.c(189): warning:  #177-D: variable "param" was declared but never referenced
        dma_parameter_struct param;
..\src\y138\hal_uart_ctrl.c(313): warning:  #550-D: variable "data" was set but never used
      uint8_t data;
..\src\y138\hal_uart_ctrl.c: 3 warnings, 0 errors
compiling hal_pwm_ctrl.c...
..\src\y138\hal_pwm_ctrl.c(132): warning:  #940-D: missing return statement at end of non-void function "servo_getAngleFromPwm"
  }
..\src\y138\hal_pwm_ctrl.c(350): warning:  #177-D: variable "leftPwm" was declared but never referenced
       uint16_t leftPwm=0,currentPwm=0;
..\src\y138\hal_pwm_ctrl.c(350): warning:  #177-D: variable "currentPwm" was declared but never referenced
       uint16_t leftPwm=0,currentPwm=0;
..\src\y138\hal_pwm_ctrl.c(33): warning:  #177-D: function "servo_power_off" was declared but never referenced
  void servo_power_off(void){
..\src\y138\hal_pwm_ctrl.c(121): warning:  #177-D: function "servo_getPwmFromAngle" was declared but never referenced
  static uint16_t servo_getPwmFromAngle(uint8_t idx, uint16_t angle){
..\src\y138\hal_pwm_ctrl.c(128): warning:  #177-D: function "servo_getAngleFromPwm" was declared but never referenced
  static uint16_t servo_getAngleFromPwm(){
..\src\y138\hal_pwm_ctrl.c: 6 warnings, 0 errors
compiling hal_tp_ctrl.c...
compiling hal_rs485_ctrl.c...
compiling hal_timer_ctrl.c...
..\src\y138\hal_timer_ctrl.c(64): warning:  #177-D: function "gd_timer_init" was declared but never referenced
  void gd_timer_init(void){
..\src\y138\hal_timer_ctrl.c: 1 warning, 0 errors
compiling hal_drv_test.c...
compiling hal_i2c_ctrl.c...
..\src\y138\hal_i2c_ctrl.c(92): warning:  #1294-D: Old-style function i2c_get_sda
  static uint8_t i2c_get_sda(idx){
..\src\y138\hal_i2c_ctrl.c: 1 warning, 0 errors
compiling hal_rk_ctrl.c...
compiling hal_it_ctrl.c...
linking...
Program Size: Code=13512 RO-data=376 RW-data=292 ZI-data=42676  
FromELF: creating hex file...
".\output\GD32107C_EVAL.axf" - 0 Error(s), 11 Warning(s).
Build Time Elapsed:  00:00:16
</pre>
</body>
</html>
